CRITICAL - 2025-10-23 02:18:36 --> ErrorException: Undefined array key "property_type"
[Method: POST, Route: process-form]
in APPPATH\Controllers\Dashboard.php on line 63.
 1 APPPATH\Controllers\Dashboard.php(63): CodeIgniter\Debug\Exceptions->errorHandler(2, 'Undefined array key "property_type"', 'D:\\Documents\\My Projects\\xampp 8.2\\htdocs\\zero-what\\app\\Controllers\\Dashboard.php', 63)
 2 SYSTEMPATH\CodeIgniter.php(933): App\Controllers\Dashboard->processForm()
 3 SYSTEMPATH\CodeIgniter.php(507): CodeIgniter\CodeIgniter->runController(Object(App\Controllers\Dashboard))
 4 SYSTEMPATH\CodeIgniter.php(354): CodeIgniter\CodeIgniter->handleRequest(null, Object(Config\Cache), false)
 5 SYSTEMPATH\Boot.php(334): CodeIgniter\CodeIgniter->run()
 6 SYSTEMPATH\Boot.php(67): CodeIgniter\Boot::runCodeIgniter(Object(CodeIgniter\CodeIgniter))
 7 FCPATH\index.php(56): CodeIgniter\Boot::bootWeb(Object(Config\Paths))
CRITICAL - 2025-10-23 02:18:52 --> ErrorException: Undefined array key "property_type"
[Method: POST, Route: process-form]
in APPPATH\Controllers\Dashboard.php on line 63.
 1 APPPATH\Controllers\Dashboard.php(63): CodeIgniter\Debug\Exceptions->errorHandler(2, 'Undefined array key "property_type"', 'D:\\Documents\\My Projects\\xampp 8.2\\htdocs\\zero-what\\app\\Controllers\\Dashboard.php', 63)
 2 SYSTEMPATH\CodeIgniter.php(933): App\Controllers\Dashboard->processForm()
 3 SYSTEMPATH\CodeIgniter.php(507): CodeIgniter\CodeIgniter->runController(Object(App\Controllers\Dashboard))
 4 SYSTEMPATH\CodeIgniter.php(354): CodeIgniter\CodeIgniter->handleRequest(null, Object(Config\Cache), false)
 5 SYSTEMPATH\Boot.php(334): CodeIgniter\CodeIgniter->run()
 6 SYSTEMPATH\Boot.php(67): CodeIgniter\Boot::runCodeIgniter(Object(CodeIgniter\CodeIgniter))
 7 FCPATH\index.php(56): CodeIgniter\Boot::bootWeb(Object(Config\Paths))
CRITICAL - 2025-10-23 10:45:39 --> CodeIgniter\View\Exceptions\ViewException: Invalid file: "view_test_email.php"
[Method: POST, Route: process-form]
in SYSTEMPATH\Exceptions\FrameworkException.php on line 39.
 1 SYSTEMPATH\View\View.php(212): CodeIgniter\Exceptions\FrameworkException::forInvalidFile('view_test_email.php')
 2 SYSTEMPATH\Common.php(1173): CodeIgniter\View\View->render('view_test_email', [], true)
 3 APPPATH\Controllers\Dashboard.php(142): view('view_test_email')
 4 APPPATH\Controllers\Dashboard.php(99): App\Controllers\Dashboard->enquieryEmail([...], 3)
 5 SYSTEMPATH\CodeIgniter.php(933): App\Controllers\Dashboard->processForm()
 6 SYSTEMPATH\CodeIgniter.php(507): CodeIgniter\CodeIgniter->runController(Object(App\Controllers\Dashboard))
 7 SYSTEMPATH\CodeIgniter.php(354): CodeIgniter\CodeIgniter->handleRequest(null, Object(Config\Cache), false)
 8 SYSTEMPATH\Boot.php(334): CodeIgniter\CodeIgniter->run()
 9 SYSTEMPATH\Boot.php(67): CodeIgniter\Boot::runCodeIgniter(Object(CodeIgniter\CodeIgniter))
10 FCPATH\index.php(56): CodeIgniter\Boot::bootWeb(Object(Config\Paths))
CRITICAL - 2025-10-23 10:46:04 --> ErrorException: Undefined variable $name
[Method: POST, Route: process-form]
in APPPATH\Views\emails\view_enquiery_mail.php on line 150.
 1 APPPATH\Views\emails\view_enquiery_mail.php(150): CodeIgniter\Debug\Exceptions->errorHandler(2, 'Undefined variable $name', 'D:\\Documents\\My Projects\\xampp 8.2\\htdocs\\zero-what\\app\\Views\\emails\\view_enquiery_mail.php', 150)
 2 SYSTEMPATH\View\View.php(224): include('D:\\Documents\\My Projects\\xampp 8.2\\htdocs\\zero-what\\app\\Views\\emails\\view_enquiery_mail.php')
 3 SYSTEMPATH\View\View.php(227): CodeIgniter\View\View->CodeIgniter\View\{closure}()
 4 SYSTEMPATH\Common.php(1173): CodeIgniter\View\View->render('emails/view_enquiery_mail', [], true)
 5 APPPATH\Controllers\Dashboard.php(142): view('emails/view_enquiery_mail')
 6 APPPATH\Controllers\Dashboard.php(99): App\Controllers\Dashboard->enquieryEmail([...], 3)
 7 SYSTEMPATH\CodeIgniter.php(933): App\Controllers\Dashboard->processForm()
 8 SYSTEMPATH\CodeIgniter.php(507): CodeIgniter\CodeIgniter->runController(Object(App\Controllers\Dashboard))
 9 SYSTEMPATH\CodeIgniter.php(354): CodeIgniter\CodeIgniter->handleRequest(null, Object(Config\Cache), false)
10 SYSTEMPATH\Boot.php(334): CodeIgniter\CodeIgniter->run()
11 SYSTEMPATH\Boot.php(67): CodeIgniter\Boot::runCodeIgniter(Object(CodeIgniter\CodeIgniter))
12 FCPATH\index.php(56): CodeIgniter\Boot::bootWeb(Object(Config\Paths))
CRITICAL - 2025-10-23 10:47:42 --> ErrorException: Undefined variable $name
[Method: POST, Route: process-form]
in APPPATH\Views\emails\view_enquiery_mail.php on line 150.
 1 APPPATH\Views\emails\view_enquiery_mail.php(150): CodeIgniter\Debug\Exceptions->errorHandler(2, 'Undefined variable $name', 'D:\\Documents\\My Projects\\xampp 8.2\\htdocs\\zero-what\\app\\Views\\emails\\view_enquiery_mail.php', 150)
 2 SYSTEMPATH\View\View.php(224): include('D:\\Documents\\My Projects\\xampp 8.2\\htdocs\\zero-what\\app\\Views\\emails\\view_enquiery_mail.php')
 3 SYSTEMPATH\View\View.php(227): CodeIgniter\View\View->CodeIgniter\View\{closure}()
 4 SYSTEMPATH\Common.php(1173): CodeIgniter\View\View->render('emails/view_enquiery_mail', [], true)
 5 APPPATH\Controllers\Dashboard.php(143): view('emails/view_enquiery_mail')
 6 APPPATH\Controllers\Dashboard.php(99): App\Controllers\Dashboard->enquieryEmail([...], 3)
 7 SYSTEMPATH\CodeIgniter.php(933): App\Controllers\Dashboard->processForm()
 8 SYSTEMPATH\CodeIgniter.php(507): CodeIgniter\CodeIgniter->runController(Object(App\Controllers\Dashboard))
 9 SYSTEMPATH\CodeIgniter.php(354): CodeIgniter\CodeIgniter->handleRequest(null, Object(Config\Cache), false)
10 SYSTEMPATH\Boot.php(334): CodeIgniter\CodeIgniter->run()
11 SYSTEMPATH\Boot.php(67): CodeIgniter\Boot::runCodeIgniter(Object(CodeIgniter\CodeIgniter))
12 FCPATH\index.php(56): CodeIgniter\Boot::bootWeb(Object(Config\Paths))
CRITICAL - 2025-10-23 10:48:13 --> ErrorException: Undefined variable $email
[Method: POST, Route: process-form]
in APPPATH\Views\emails\view_enquiery_mail.php on line 154.
 1 APPPATH\Views\emails\view_enquiery_mail.php(154): CodeIgniter\Debug\Exceptions->errorHandler(2, 'Undefined variable $email', 'D:\\Documents\\My Projects\\xampp 8.2\\htdocs\\zero-what\\app\\Views\\emails\\view_enquiery_mail.php', 154)
 2 SYSTEMPATH\View\View.php(224): include('D:\\Documents\\My Projects\\xampp 8.2\\htdocs\\zero-what\\app\\Views\\emails\\view_enquiery_mail.php')
 3 SYSTEMPATH\View\View.php(227): CodeIgniter\View\View->CodeIgniter\View\{closure}()
 4 SYSTEMPATH\Common.php(1173): CodeIgniter\View\View->render('emails/view_enquiery_mail', [], true)
 5 APPPATH\Controllers\Dashboard.php(143): view('emails/view_enquiery_mail')
 6 APPPATH\Controllers\Dashboard.php(99): App\Controllers\Dashboard->enquieryEmail([...], 3)
 7 SYSTEMPATH\CodeIgniter.php(933): App\Controllers\Dashboard->processForm()
 8 SYSTEMPATH\CodeIgniter.php(507): CodeIgniter\CodeIgniter->runController(Object(App\Controllers\Dashboard))
 9 SYSTEMPATH\CodeIgniter.php(354): CodeIgniter\CodeIgniter->handleRequest(null, Object(Config\Cache), false)
10 SYSTEMPATH\Boot.php(334): CodeIgniter\CodeIgniter->run()
11 SYSTEMPATH\Boot.php(67): CodeIgniter\Boot::runCodeIgniter(Object(CodeIgniter\CodeIgniter))
12 FCPATH\index.php(56): CodeIgniter\Boot::bootWeb(Object(Config\Paths))
CRITICAL - 2025-10-23 10:54:45 --> ErrorException: Undefined variable $lead_score
[Method: POST, Route: process-form]
in APPPATH\Views\emails\view_enquiery_mail.php on line 192.
 1 APPPATH\Views\emails\view_enquiery_mail.php(192): CodeIgniter\Debug\Exceptions->errorHandler(2, 'Undefined variable $lead_score', 'D:\\Documents\\My Projects\\xampp 8.2\\htdocs\\zero-what\\app\\Views\\emails\\view_enquiery_mail.php', 192)
 2 SYSTEMPATH\View\View.php(224): include('D:\\Documents\\My Projects\\xampp 8.2\\htdocs\\zero-what\\app\\Views\\emails\\view_enquiery_mail.php')
 3 SYSTEMPATH\View\View.php(227): CodeIgniter\View\View->CodeIgniter\View\{closure}()
 4 SYSTEMPATH\Common.php(1173): CodeIgniter\View\View->render('emails/view_enquiery_mail', [], true)
 5 APPPATH\Controllers\Dashboard.php(143): view('emails/view_enquiery_mail', [...])
 6 APPPATH\Controllers\Dashboard.php(99): App\Controllers\Dashboard->enquieryEmail([...], 3)
 7 SYSTEMPATH\CodeIgniter.php(933): App\Controllers\Dashboard->processForm()
 8 SYSTEMPATH\CodeIgniter.php(507): CodeIgniter\CodeIgniter->runController(Object(App\Controllers\Dashboard))
 9 SYSTEMPATH\CodeIgniter.php(354): CodeIgniter\CodeIgniter->handleRequest(null, Object(Config\Cache), false)
10 SYSTEMPATH\Boot.php(334): CodeIgniter\CodeIgniter->run()
11 SYSTEMPATH\Boot.php(67): CodeIgniter\Boot::runCodeIgniter(Object(CodeIgniter\CodeIgniter))
12 FCPATH\index.php(56): CodeIgniter\Boot::bootWeb(Object(Config\Paths))
CRITICAL - 2025-10-23 10:55:35 --> ErrorException: Trying to access array offset on value of type int
[Method: POST, Route: process-form]
in APPPATH\Controllers\Dashboard.php on line 108.
 1 APPPATH\Controllers\Dashboard.php(108): CodeIgniter\Debug\Exceptions->errorHandler(2, 'Trying to access array offset on value of type int', 'D:\\Documents\\My Projects\\xampp 8.2\\htdocs\\zero-what\\app\\Controllers\\Dashboard.php', 108)
 2 APPPATH\Controllers\Dashboard.php(99): App\Controllers\Dashboard->enquieryEmail(3)
 3 SYSTEMPATH\CodeIgniter.php(933): App\Controllers\Dashboard->processForm()
 4 SYSTEMPATH\CodeIgniter.php(507): CodeIgniter\CodeIgniter->runController(Object(App\Controllers\Dashboard))
 5 SYSTEMPATH\CodeIgniter.php(354): CodeIgniter\CodeIgniter->handleRequest(null, Object(Config\Cache), false)
 6 SYSTEMPATH\Boot.php(334): CodeIgniter\CodeIgniter->run()
 7 SYSTEMPATH\Boot.php(67): CodeIgniter\Boot::runCodeIgniter(Object(CodeIgniter\CodeIgniter))
 8 FCPATH\index.php(56): CodeIgniter\Boot::bootWeb(Object(Config\Paths))
ERROR - 2025-10-23 10:57:38 --> Email: Unable to send email using SMTP. Your server might not be configured to send mail using this method.
ERROR - 2025-10-23 10:57:38 --> 220 smtp.gmail.com ESMTP 41be03b00d2f7-b6cf4e155f4sm871839a12.24 - gsmtp

hello: 250-smtp.gmail.com at your service, [2401:4900:7aa3:45ba:f902:18b:e614:81b4]
250-SIZE 35882577
250-8BITMIME
250-STARTTLS
250-ENHANCEDSTATUSCODES
250-PIPELINING
250-CHUNKING
250 SMTPUTF8

starttls: 220 2.0.0 Ready to start TLS

hello: 250-smtp.gmail.com at your service, [2401:4900:7aa3:45ba:f902:18b:e614:81b4]
250-SIZE 35882577
250-8BITMIME
250-AUTH LOGIN PLAIN XOAUTH2 PLAIN-CLIENTTOKEN OAUTHBEARER XOAUTH
250-ENHANCEDSTATUSCODES
250-PIPELINING
250-CHUNKING
250 SMTPUTF8

Failed to authenticate password. Error: 535-5.7.8 Username and Password not accepted. For more information, go to
535 5.7.8  https://support.google.com/mail/?p=BadCredentials 41be03b00d2f7-b6cf4e155f4sm871839a12.24 - gsmtp

ERROR - 2025-10-23 10:59:02 --> Email: Unable to send email using SMTP. Your server might not be configured to send mail using this method.
ERROR - 2025-10-23 10:59:02 --> 220 smtp.gmail.com ESMTP d9443c01a7336-2946dfd050fsm10057785ad.62 - gsmtp

hello: 250-smtp.gmail.com at your service, [2401:4900:7aa3:45ba:f902:18b:e614:81b4]
250-SIZE 35882577
250-8BITMIME
250-STARTTLS
250-ENHANCEDSTATUSCODES
250-PIPELINING
250-CHUNKING
250 SMTPUTF8

starttls: 220 2.0.0 Ready to start TLS

hello: 250-smtp.gmail.com at your service, [2401:4900:7aa3:45ba:f902:18b:e614:81b4]
250-SIZE 35882577
250-8BITMIME
250-AUTH LOGIN PLAIN XOAUTH2 PLAIN-CLIENTTOKEN OAUTHBEARER XOAUTH
250-ENHANCEDSTATUSCODES
250-PIPELINING
250-CHUNKING
250 SMTPUTF8

Failed to authenticate password. Error: 535-5.7.8 Username and Password not accepted. For more information, go to
535 5.7.8  https://support.google.com/mail/?p=BadCredentials d9443c01a7336-2946dfd050fsm10057785ad.62 - gsmtp

ERROR - 2025-10-23 10:59:55 --> Email: Unable to send email using SMTP. Your server might not be configured to send mail using this method.
ERROR - 2025-10-23 10:59:55 --> 220 smtp.gmail.com ESMTP 98e67ed59e1d1-33dfb1dbddbsm3614618a91.0 - gsmtp

hello: 250-smtp.gmail.com at your service, [2401:4900:7aa3:45ba:f902:18b:e614:81b4]
250-SIZE 35882577
250-8BITMIME
250-STARTTLS
250-ENHANCEDSTATUSCODES
250-PIPELINING
250-CHUNKING
250 SMTPUTF8

starttls: 220 2.0.0 Ready to start TLS

hello: 250-smtp.gmail.com at your service, [2401:4900:7aa3:45ba:f902:18b:e614:81b4]
250-SIZE 35882577
250-8BITMIME
250-AUTH LOGIN PLAIN XOAUTH2 PLAIN-CLIENTTOKEN OAUTHBEARER XOAUTH
250-ENHANCEDSTATUSCODES
250-PIPELINING
250-CHUNKING
250 SMTPUTF8

Failed to authenticate password. Error: 535-5.7.8 Username and Password not accepted. For more information, go to
535 5.7.8  https://support.google.com/mail/?p=BadCredentials 98e67ed59e1d1-33dfb1dbddbsm3614618a91.0 - gsmtp

CRITICAL - 2025-10-23 11:19:41 --> ErrorException: Undefined variable $postData
[Method: POST, Route: process-form]
in APPPATH\Controllers\Dashboard.php on line 99.
 1 APPPATH\Controllers\Dashboard.php(99): CodeIgniter\Debug\Exceptions->errorHandler(2, 'Undefined variable $postData', 'D:\\Documents\\My Projects\\xampp 8.2\\htdocs\\zero-what\\app\\Controllers\\Dashboard.php', 99)
 2 SYSTEMPATH\CodeIgniter.php(933): App\Controllers\Dashboard->processForm()
 3 SYSTEMPATH\CodeIgniter.php(507): CodeIgniter\CodeIgniter->runController(Object(App\Controllers\Dashboard))
 4 SYSTEMPATH\CodeIgniter.php(354): CodeIgniter\CodeIgniter->handleRequest(null, Object(Config\Cache), false)
 5 SYSTEMPATH\Boot.php(334): CodeIgniter\CodeIgniter->run()
 6 SYSTEMPATH\Boot.php(67): CodeIgniter\Boot::runCodeIgniter(Object(CodeIgniter\CodeIgniter))
 7 FCPATH\index.php(56): CodeIgniter\Boot::bootWeb(Object(Config\Paths))
CRITICAL - 2025-10-23 11:19:46 --> ErrorException: Undefined variable $postData
[Method: POST, Route: process-form]
in APPPATH\Controllers\Dashboard.php on line 99.
 1 APPPATH\Controllers\Dashboard.php(99): CodeIgniter\Debug\Exceptions->errorHandler(2, 'Undefined variable $postData', 'D:\\Documents\\My Projects\\xampp 8.2\\htdocs\\zero-what\\app\\Controllers\\Dashboard.php', 99)
 2 SYSTEMPATH\CodeIgniter.php(933): App\Controllers\Dashboard->processForm()
 3 SYSTEMPATH\CodeIgniter.php(507): CodeIgniter\CodeIgniter->runController(Object(App\Controllers\Dashboard))
 4 SYSTEMPATH\CodeIgniter.php(354): CodeIgniter\CodeIgniter->handleRequest(null, Object(Config\Cache), false)
 5 SYSTEMPATH\Boot.php(334): CodeIgniter\CodeIgniter->run()
 6 SYSTEMPATH\Boot.php(67): CodeIgniter\Boot::runCodeIgniter(Object(CodeIgniter\CodeIgniter))
 7 FCPATH\index.php(56): CodeIgniter\Boot::bootWeb(Object(Config\Paths))
CRITICAL - 2025-10-23 11:45:31 --> ErrorException: Undefined array key "email"
[Method: POST, Route: process-form]
in APPPATH\Controllers\Dashboard.php on line 47.
 1 APPPATH\Controllers\Dashboard.php(47): CodeIgniter\Debug\Exceptions->errorHandler(2, 'Undefined array key "email"', 'D:\\Documents\\My Projects\\xampp 8.2\\htdocs\\zero-what\\app\\Controllers\\Dashboard.php', 47)
 2 SYSTEMPATH\CodeIgniter.php(933): App\Controllers\Dashboard->processForm()
 3 SYSTEMPATH\CodeIgniter.php(507): CodeIgniter\CodeIgniter->runController(Object(App\Controllers\Dashboard))
 4 SYSTEMPATH\CodeIgniter.php(354): CodeIgniter\CodeIgniter->handleRequest(null, Object(Config\Cache), false)
 5 SYSTEMPATH\Boot.php(334): CodeIgniter\CodeIgniter->run()
 6 SYSTEMPATH\Boot.php(67): CodeIgniter\Boot::runCodeIgniter(Object(CodeIgniter\CodeIgniter))
 7 FCPATH\index.php(56): CodeIgniter\Boot::bootWeb(Object(Config\Paths))
CRITICAL - 2025-10-23 11:45:40 --> ErrorException: Undefined array key "email"
[Method: POST, Route: process-form]
in APPPATH\Controllers\Dashboard.php on line 47.
 1 APPPATH\Controllers\Dashboard.php(47): CodeIgniter\Debug\Exceptions->errorHandler(2, 'Undefined array key "email"', 'D:\\Documents\\My Projects\\xampp 8.2\\htdocs\\zero-what\\app\\Controllers\\Dashboard.php', 47)
 2 SYSTEMPATH\CodeIgniter.php(933): App\Controllers\Dashboard->processForm()
 3 SYSTEMPATH\CodeIgniter.php(507): CodeIgniter\CodeIgniter->runController(Object(App\Controllers\Dashboard))
 4 SYSTEMPATH\CodeIgniter.php(354): CodeIgniter\CodeIgniter->handleRequest(null, Object(Config\Cache), false)
 5 SYSTEMPATH\Boot.php(334): CodeIgniter\CodeIgniter->run()
 6 SYSTEMPATH\Boot.php(67): CodeIgniter\Boot::runCodeIgniter(Object(CodeIgniter\CodeIgniter))
 7 FCPATH\index.php(56): CodeIgniter\Boot::bootWeb(Object(Config\Paths))
CRITICAL - 2025-10-23 11:47:24 --> ErrorException: Undefined array key "phone"
[Method: POST, Route: process-form]
in APPPATH\Controllers\Dashboard.php on line 54.
 1 APPPATH\Controllers\Dashboard.php(54): CodeIgniter\Debug\Exceptions->errorHandler(2, 'Undefined array key "phone"', 'D:\\Documents\\My Projects\\xampp 8.2\\htdocs\\zero-what\\app\\Controllers\\Dashboard.php', 54)
 2 SYSTEMPATH\CodeIgniter.php(933): App\Controllers\Dashboard->processForm()
 3 SYSTEMPATH\CodeIgniter.php(507): CodeIgniter\CodeIgniter->runController(Object(App\Controllers\Dashboard))
 4 SYSTEMPATH\CodeIgniter.php(354): CodeIgniter\CodeIgniter->handleRequest(null, Object(Config\Cache), false)
 5 SYSTEMPATH\Boot.php(334): CodeIgniter\CodeIgniter->run()
 6 SYSTEMPATH\Boot.php(67): CodeIgniter\Boot::runCodeIgniter(Object(CodeIgniter\CodeIgniter))
 7 FCPATH\index.php(56): CodeIgniter\Boot::bootWeb(Object(Config\Paths))
CRITICAL - 2025-10-23 11:48:17 --> ErrorException: Undefined array key "phone"
[Method: POST, Route: process-form]
in APPPATH\Controllers\Dashboard.php on line 54.
 1 APPPATH\Controllers\Dashboard.php(54): CodeIgniter\Debug\Exceptions->errorHandler(2, 'Undefined array key "phone"', 'D:\\Documents\\My Projects\\xampp 8.2\\htdocs\\zero-what\\app\\Controllers\\Dashboard.php', 54)
 2 SYSTEMPATH\CodeIgniter.php(933): App\Controllers\Dashboard->processForm()
 3 SYSTEMPATH\CodeIgniter.php(507): CodeIgniter\CodeIgniter->runController(Object(App\Controllers\Dashboard))
 4 SYSTEMPATH\CodeIgniter.php(354): CodeIgniter\CodeIgniter->handleRequest(null, Object(Config\Cache), false)
 5 SYSTEMPATH\Boot.php(334): CodeIgniter\CodeIgniter->run()
 6 SYSTEMPATH\Boot.php(67): CodeIgniter\Boot::runCodeIgniter(Object(CodeIgniter\CodeIgniter))
 7 FCPATH\index.php(56): CodeIgniter\Boot::bootWeb(Object(Config\Paths))
CRITICAL - 2025-10-23 11:50:18 --> ErrorException: Undefined array key "phone"
[Method: POST, Route: process-form]
in APPPATH\Controllers\Dashboard.php on line 54.
 1 APPPATH\Controllers\Dashboard.php(54): CodeIgniter\Debug\Exceptions->errorHandler(2, 'Undefined array key "phone"', 'D:\\Documents\\My Projects\\xampp 8.2\\htdocs\\zero-what\\app\\Controllers\\Dashboard.php', 54)
 2 SYSTEMPATH\CodeIgniter.php(933): App\Controllers\Dashboard->processForm()
 3 SYSTEMPATH\CodeIgniter.php(507): CodeIgniter\CodeIgniter->runController(Object(App\Controllers\Dashboard))
 4 SYSTEMPATH\CodeIgniter.php(354): CodeIgniter\CodeIgniter->handleRequest(null, Object(Config\Cache), false)
 5 SYSTEMPATH\Boot.php(334): CodeIgniter\CodeIgniter->run()
 6 SYSTEMPATH\Boot.php(67): CodeIgniter\Boot::runCodeIgniter(Object(CodeIgniter\CodeIgniter))
 7 FCPATH\index.php(56): CodeIgniter\Boot::bootWeb(Object(Config\Paths))
ERROR - 2025-10-23 13:48:18 --> Error connecting to the database: ErrorException: mysqli::real_connect(): php_network_getaddresses: getaddrinfo for sql205.infinityfree.com failed: No such host is known.  in D:\Documents\My Projects\xampp 8.2\htdocs\zero-what\system\Database\MySQLi\Connection.php:201
Stack trace:
#0 [internal function]: CodeIgniter\Debug\Exceptions->errorHandler(2, 'mysqli::real_co...', 'D:\\Documents\\My...', 201)
#1 D:\Documents\My Projects\xampp 8.2\htdocs\zero-what\system\Database\MySQLi\Connection.php(201): mysqli->real_connect('sql205.infinity...', 'if0_39326993', Object(SensitiveParameterValue), 'if0_39326993_ze...', 3306, '', 0)
#2 D:\Documents\My Projects\xampp 8.2\htdocs\zero-what\system\Database\BaseConnection.php(421): CodeIgniter\Database\MySQLi\Connection->connect(false)
#3 D:\Documents\My Projects\xampp 8.2\htdocs\zero-what\system\Database\BaseConnection.php(620): CodeIgniter\Database\BaseConnection->initialize()
#4 D:\Documents\My Projects\xampp 8.2\htdocs\zero-what\system\Database\BaseBuilder.php(1649): CodeIgniter\Database\BaseConnection->query('SELECT `setting...', Array, false)
#5 D:\Documents\My Projects\xampp 8.2\htdocs\zero-what\app\Models\Common_model.php(9): CodeIgniter\Database\BaseBuilder->get()
#6 D:\Documents\My Projects\xampp 8.2\htdocs\zero-what\app\Controllers\BaseController.php(61): App\Models\Common_model->get_site_setting()
#7 D:\Documents\My Projects\xampp 8.2\htdocs\zero-what\system\CodeIgniter.php(904): App\Controllers\BaseController->initController(Object(CodeIgniter\HTTP\IncomingRequest), Object(CodeIgniter\HTTP\Response), Object(CodeIgniter\Log\Logger))
#8 D:\Documents\My Projects\xampp 8.2\htdocs\zero-what\system\CodeIgniter.php(498): CodeIgniter\CodeIgniter->createController()
#9 D:\Documents\My Projects\xampp 8.2\htdocs\zero-what\system\CodeIgniter.php(354): CodeIgniter\CodeIgniter->handleRequest(NULL, Object(Config\Cache), false)
#10 D:\Documents\My Projects\xampp 8.2\htdocs\zero-what\system\Boot.php(334): CodeIgniter\CodeIgniter->run()
#11 D:\Documents\My Projects\xampp 8.2\htdocs\zero-what\system\Boot.php(67): CodeIgniter\Boot::runCodeIgniter(Object(CodeIgniter\CodeIgniter))
#12 D:\Documents\My Projects\xampp 8.2\htdocs\zero-what\index.php(56): CodeIgniter\Boot::bootWeb(Object(Config\Paths))
#13 {main}

Next mysqli_sql_exception: php_network_getaddresses: getaddrinfo for sql205.infinityfree.com failed: No such host is known.  in D:\Documents\My Projects\xampp 8.2\htdocs\zero-what\system\Database\MySQLi\Connection.php:201
Stack trace:
#0 D:\Documents\My Projects\xampp 8.2\htdocs\zero-what\system\Database\MySQLi\Connection.php(201): mysqli->real_connect('sql205.infinity...', 'if0_39326993', Object(SensitiveParameterValue), 'if0_39326993_ze...', 3306, '', 0)
#1 D:\Documents\My Projects\xampp 8.2\htdocs\zero-what\system\Database\BaseConnection.php(421): CodeIgniter\Database\MySQLi\Connection->connect(false)
#2 D:\Documents\My Projects\xampp 8.2\htdocs\zero-what\system\Database\BaseConnection.php(620): CodeIgniter\Database\BaseConnection->initialize()
#3 D:\Documents\My Projects\xampp 8.2\htdocs\zero-what\system\Database\BaseBuilder.php(1649): CodeIgniter\Database\BaseConnection->query('SELECT `setting...', Array, false)
#4 D:\Documents\My Projects\xampp 8.2\htdocs\zero-what\app\Models\Common_model.php(9): CodeIgniter\Database\BaseBuilder->get()
#5 D:\Documents\My Projects\xampp 8.2\htdocs\zero-what\app\Controllers\BaseController.php(61): App\Models\Common_model->get_site_setting()
#6 D:\Documents\My Projects\xampp 8.2\htdocs\zero-what\system\CodeIgniter.php(904): App\Controllers\BaseController->initController(Object(CodeIgniter\HTTP\IncomingRequest), Object(CodeIgniter\HTTP\Response), Object(CodeIgniter\Log\Logger))
#7 D:\Documents\My Projects\xampp 8.2\htdocs\zero-what\system\CodeIgniter.php(498): CodeIgniter\CodeIgniter->createController()
#8 D:\Documents\My Projects\xampp 8.2\htdocs\zero-what\system\CodeIgniter.php(354): CodeIgniter\CodeIgniter->handleRequest(NULL, Object(Config\Cache), false)
#9 D:\Documents\My Projects\xampp 8.2\htdocs\zero-what\system\Boot.php(334): CodeIgniter\CodeIgniter->run()
#10 D:\Documents\My Projects\xampp 8.2\htdocs\zero-what\system\Boot.php(67): CodeIgniter\Boot::runCodeIgniter(Object(CodeIgniter\CodeIgniter))
#11 D:\Documents\My Projects\xampp 8.2\htdocs\zero-what\index.php(56): CodeIgniter\Boot::bootWeb(Object(Config\Paths))
#12 {main}

Next CodeIgniter\Database\Exceptions\DatabaseException: php_network_getaddresses: getaddrinfo for sql205.infinityfree.com failed: No such host is known.  in D:\Documents\My Projects\xampp 8.2\htdocs\zero-what\system\Database\MySQLi\Connection.php:246
Stack trace:
#0 D:\Documents\My Projects\xampp 8.2\htdocs\zero-what\system\Database\BaseConnection.php(421): CodeIgniter\Database\MySQLi\Connection->connect(false)
#1 D:\Documents\My Projects\xampp 8.2\htdocs\zero-what\system\Database\BaseConnection.php(620): CodeIgniter\Database\BaseConnection->initialize()
#2 D:\Documents\My Projects\xampp 8.2\htdocs\zero-what\system\Database\BaseBuilder.php(1649): CodeIgniter\Database\BaseConnection->query('SELECT `setting...', Array, false)
#3 D:\Documents\My Projects\xampp 8.2\htdocs\zero-what\app\Models\Common_model.php(9): CodeIgniter\Database\BaseBuilder->get()
#4 D:\Documents\My Projects\xampp 8.2\htdocs\zero-what\app\Controllers\BaseController.php(61): App\Models\Common_model->get_site_setting()
#5 D:\Documents\My Projects\xampp 8.2\htdocs\zero-what\system\CodeIgniter.php(904): App\Controllers\BaseController->initController(Object(CodeIgniter\HTTP\IncomingRequest), Object(CodeIgniter\HTTP\Response), Object(CodeIgniter\Log\Logger))
#6 D:\Documents\My Projects\xampp 8.2\htdocs\zero-what\system\CodeIgniter.php(498): CodeIgniter\CodeIgniter->createController()
#7 D:\Documents\My Projects\xampp 8.2\htdocs\zero-what\system\CodeIgniter.php(354): CodeIgniter\CodeIgniter->handleRequest(NULL, Object(Config\Cache), false)
#8 D:\Documents\My Projects\xampp 8.2\htdocs\zero-what\system\Boot.php(334): CodeIgniter\CodeIgniter->run()
#9 D:\Documents\My Projects\xampp 8.2\htdocs\zero-what\system\Boot.php(67): CodeIgniter\Boot::runCodeIgniter(Object(CodeIgniter\CodeIgniter))
#10 D:\Documents\My Projects\xampp 8.2\htdocs\zero-what\index.php(56): CodeIgniter\Boot::bootWeb(Object(Config\Paths))
#11 {main}
CRITICAL - 2025-10-23 13:48:18 --> CodeIgniter\Database\Exceptions\DatabaseException: Unable to connect to the database.
Main connection [MySQLi]: php_network_getaddresses: getaddrinfo for sql205.infinityfree.com failed: No such host is known. 
[Method: GET, Route: /]
in SYSTEMPATH\Database\BaseConnection.php on line 467.
 1 SYSTEMPATH\Database\BaseConnection.php(620): CodeIgniter\Database\BaseConnection->initialize()
 2 SYSTEMPATH\Database\BaseBuilder.php(1649): CodeIgniter\Database\BaseConnection->query('SELECT `setting_key`, `setting_value`
FROM `site_settings`', [], false)
 3 APPPATH\Models\Common_model.php(9): CodeIgniter\Database\BaseBuilder->get()
 4 APPPATH\Controllers\BaseController.php(61): App\Models\Common_model->get_site_setting()
 5 SYSTEMPATH\CodeIgniter.php(904): App\Controllers\BaseController->initController(Object(CodeIgniter\HTTP\IncomingRequest), Object(CodeIgniter\HTTP\Response), Object(CodeIgniter\Log\Logger))
 6 SYSTEMPATH\CodeIgniter.php(498): CodeIgniter\CodeIgniter->createController()
 7 SYSTEMPATH\CodeIgniter.php(354): CodeIgniter\CodeIgniter->handleRequest(null, Object(Config\Cache), false)
 8 SYSTEMPATH\Boot.php(334): CodeIgniter\CodeIgniter->run()
 9 SYSTEMPATH\Boot.php(67): CodeIgniter\Boot::runCodeIgniter(Object(CodeIgniter\CodeIgniter))
10 FCPATH\index.php(56): CodeIgniter\Boot::bootWeb(Object(Config\Paths))
ERROR - 2025-10-23 13:48:20 --> Error connecting to the database: ErrorException: mysqli::real_connect(): php_network_getaddresses: getaddrinfo for sql205.infinityfree.com failed: No such host is known.  in D:\Documents\My Projects\xampp 8.2\htdocs\zero-what\system\Database\MySQLi\Connection.php:201
Stack trace:
#0 [internal function]: CodeIgniter\Debug\Exceptions->errorHandler(2, 'mysqli::real_co...', 'D:\\Documents\\My...', 201)
#1 D:\Documents\My Projects\xampp 8.2\htdocs\zero-what\system\Database\MySQLi\Connection.php(201): mysqli->real_connect('sql205.infinity...', 'if0_39326993', Object(SensitiveParameterValue), 'if0_39326993_ze...', 3306, '', 0)
#2 D:\Documents\My Projects\xampp 8.2\htdocs\zero-what\system\Database\BaseConnection.php(421): CodeIgniter\Database\MySQLi\Connection->connect(false)
#3 D:\Documents\My Projects\xampp 8.2\htdocs\zero-what\system\Database\BaseConnection.php(620): CodeIgniter\Database\BaseConnection->initialize()
#4 D:\Documents\My Projects\xampp 8.2\htdocs\zero-what\system\Database\BaseBuilder.php(1649): CodeIgniter\Database\BaseConnection->query('SELECT `setting...', Array, false)
#5 D:\Documents\My Projects\xampp 8.2\htdocs\zero-what\app\Models\Common_model.php(9): CodeIgniter\Database\BaseBuilder->get()
#6 D:\Documents\My Projects\xampp 8.2\htdocs\zero-what\app\Controllers\BaseController.php(61): App\Models\Common_model->get_site_setting()
#7 D:\Documents\My Projects\xampp 8.2\htdocs\zero-what\system\CodeIgniter.php(904): App\Controllers\BaseController->initController(Object(CodeIgniter\HTTP\IncomingRequest), Object(CodeIgniter\HTTP\Response), Object(CodeIgniter\Log\Logger))
#8 D:\Documents\My Projects\xampp 8.2\htdocs\zero-what\system\CodeIgniter.php(498): CodeIgniter\CodeIgniter->createController()
#9 D:\Documents\My Projects\xampp 8.2\htdocs\zero-what\system\CodeIgniter.php(354): CodeIgniter\CodeIgniter->handleRequest(NULL, Object(Config\Cache), false)
#10 D:\Documents\My Projects\xampp 8.2\htdocs\zero-what\system\Boot.php(334): CodeIgniter\CodeIgniter->run()
#11 D:\Documents\My Projects\xampp 8.2\htdocs\zero-what\system\Boot.php(67): CodeIgniter\Boot::runCodeIgniter(Object(CodeIgniter\CodeIgniter))
#12 D:\Documents\My Projects\xampp 8.2\htdocs\zero-what\index.php(56): CodeIgniter\Boot::bootWeb(Object(Config\Paths))
#13 {main}

Next mysqli_sql_exception: php_network_getaddresses: getaddrinfo for sql205.infinityfree.com failed: No such host is known.  in D:\Documents\My Projects\xampp 8.2\htdocs\zero-what\system\Database\MySQLi\Connection.php:201
Stack trace:
#0 D:\Documents\My Projects\xampp 8.2\htdocs\zero-what\system\Database\MySQLi\Connection.php(201): mysqli->real_connect('sql205.infinity...', 'if0_39326993', Object(SensitiveParameterValue), 'if0_39326993_ze...', 3306, '', 0)
#1 D:\Documents\My Projects\xampp 8.2\htdocs\zero-what\system\Database\BaseConnection.php(421): CodeIgniter\Database\MySQLi\Connection->connect(false)
#2 D:\Documents\My Projects\xampp 8.2\htdocs\zero-what\system\Database\BaseConnection.php(620): CodeIgniter\Database\BaseConnection->initialize()
#3 D:\Documents\My Projects\xampp 8.2\htdocs\zero-what\system\Database\BaseBuilder.php(1649): CodeIgniter\Database\BaseConnection->query('SELECT `setting...', Array, false)
#4 D:\Documents\My Projects\xampp 8.2\htdocs\zero-what\app\Models\Common_model.php(9): CodeIgniter\Database\BaseBuilder->get()
#5 D:\Documents\My Projects\xampp 8.2\htdocs\zero-what\app\Controllers\BaseController.php(61): App\Models\Common_model->get_site_setting()
#6 D:\Documents\My Projects\xampp 8.2\htdocs\zero-what\system\CodeIgniter.php(904): App\Controllers\BaseController->initController(Object(CodeIgniter\HTTP\IncomingRequest), Object(CodeIgniter\HTTP\Response), Object(CodeIgniter\Log\Logger))
#7 D:\Documents\My Projects\xampp 8.2\htdocs\zero-what\system\CodeIgniter.php(498): CodeIgniter\CodeIgniter->createController()
#8 D:\Documents\My Projects\xampp 8.2\htdocs\zero-what\system\CodeIgniter.php(354): CodeIgniter\CodeIgniter->handleRequest(NULL, Object(Config\Cache), false)
#9 D:\Documents\My Projects\xampp 8.2\htdocs\zero-what\system\Boot.php(334): CodeIgniter\CodeIgniter->run()
#10 D:\Documents\My Projects\xampp 8.2\htdocs\zero-what\system\Boot.php(67): CodeIgniter\Boot::runCodeIgniter(Object(CodeIgniter\CodeIgniter))
#11 D:\Documents\My Projects\xampp 8.2\htdocs\zero-what\index.php(56): CodeIgniter\Boot::bootWeb(Object(Config\Paths))
#12 {main}

Next CodeIgniter\Database\Exceptions\DatabaseException: php_network_getaddresses: getaddrinfo for sql205.infinityfree.com failed: No such host is known.  in D:\Documents\My Projects\xampp 8.2\htdocs\zero-what\system\Database\MySQLi\Connection.php:246
Stack trace:
#0 D:\Documents\My Projects\xampp 8.2\htdocs\zero-what\system\Database\BaseConnection.php(421): CodeIgniter\Database\MySQLi\Connection->connect(false)
#1 D:\Documents\My Projects\xampp 8.2\htdocs\zero-what\system\Database\BaseConnection.php(620): CodeIgniter\Database\BaseConnection->initialize()
#2 D:\Documents\My Projects\xampp 8.2\htdocs\zero-what\system\Database\BaseBuilder.php(1649): CodeIgniter\Database\BaseConnection->query('SELECT `setting...', Array, false)
#3 D:\Documents\My Projects\xampp 8.2\htdocs\zero-what\app\Models\Common_model.php(9): CodeIgniter\Database\BaseBuilder->get()
#4 D:\Documents\My Projects\xampp 8.2\htdocs\zero-what\app\Controllers\BaseController.php(61): App\Models\Common_model->get_site_setting()
#5 D:\Documents\My Projects\xampp 8.2\htdocs\zero-what\system\CodeIgniter.php(904): App\Controllers\BaseController->initController(Object(CodeIgniter\HTTP\IncomingRequest), Object(CodeIgniter\HTTP\Response), Object(CodeIgniter\Log\Logger))
#6 D:\Documents\My Projects\xampp 8.2\htdocs\zero-what\system\CodeIgniter.php(498): CodeIgniter\CodeIgniter->createController()
#7 D:\Documents\My Projects\xampp 8.2\htdocs\zero-what\system\CodeIgniter.php(354): CodeIgniter\CodeIgniter->handleRequest(NULL, Object(Config\Cache), false)
#8 D:\Documents\My Projects\xampp 8.2\htdocs\zero-what\system\Boot.php(334): CodeIgniter\CodeIgniter->run()
#9 D:\Documents\My Projects\xampp 8.2\htdocs\zero-what\system\Boot.php(67): CodeIgniter\Boot::runCodeIgniter(Object(CodeIgniter\CodeIgniter))
#10 D:\Documents\My Projects\xampp 8.2\htdocs\zero-what\index.php(56): CodeIgniter\Boot::bootWeb(Object(Config\Paths))
#11 {main}
CRITICAL - 2025-10-23 13:48:20 --> CodeIgniter\Database\Exceptions\DatabaseException: Unable to connect to the database.
Main connection [MySQLi]: php_network_getaddresses: getaddrinfo for sql205.infinityfree.com failed: No such host is known. 
[Method: GET, Route: /]
in SYSTEMPATH\Database\BaseConnection.php on line 467.
 1 SYSTEMPATH\Database\BaseConnection.php(620): CodeIgniter\Database\BaseConnection->initialize()
 2 SYSTEMPATH\Database\BaseBuilder.php(1649): CodeIgniter\Database\BaseConnection->query('SELECT `setting_key`, `setting_value`
FROM `site_settings`', [], false)
 3 APPPATH\Models\Common_model.php(9): CodeIgniter\Database\BaseBuilder->get()
 4 APPPATH\Controllers\BaseController.php(61): App\Models\Common_model->get_site_setting()
 5 SYSTEMPATH\CodeIgniter.php(904): App\Controllers\BaseController->initController(Object(CodeIgniter\HTTP\IncomingRequest), Object(CodeIgniter\HTTP\Response), Object(CodeIgniter\Log\Logger))
 6 SYSTEMPATH\CodeIgniter.php(498): CodeIgniter\CodeIgniter->createController()
 7 SYSTEMPATH\CodeIgniter.php(354): CodeIgniter\CodeIgniter->handleRequest(null, Object(Config\Cache), false)
 8 SYSTEMPATH\Boot.php(334): CodeIgniter\CodeIgniter->run()
 9 SYSTEMPATH\Boot.php(67): CodeIgniter\Boot::runCodeIgniter(Object(CodeIgniter\CodeIgniter))
10 FCPATH\index.php(56): CodeIgniter\Boot::bootWeb(Object(Config\Paths))
