ERROR - 2025-08-24 11:53:06 --> Error connecting to the database: mysqli_sql_exception: MySQL server has gone away in D:\Documents\My Projects\xampp 8.2\htdocs\Aglet\system\Database\MySQLi\Connection.php:201
Stack trace:
#0 D:\Documents\My Projects\xampp 8.2\htdocs\Aglet\system\Database\MySQLi\Connection.php(201): mysqli->real_connect('localhost', 'root', Object(SensitiveParameterValue), 'aglet_db', 3306, '', 0)
#1 D:\Documents\My Projects\xampp 8.2\htdocs\Aglet\system\Database\BaseConnection.php(421): CodeIgniter\Database\MySQLi\Connection->connect(false)
#2 D:\Documents\My Projects\xampp 8.2\htdocs\Aglet\system\Database\BaseConnection.php(620): CodeIgniter\Database\BaseConnection->initialize()
#3 D:\Documents\My Projects\xampp 8.2\htdocs\Aglet\system\Database\BaseBuilder.php(1649): CodeIgniter\Database\BaseConnection->query('SELECT `user_ty...', Array, false)
#4 D:\Documents\My Projects\xampp 8.2\htdocs\Aglet\app\Models\admin\Customer_model.php(14): CodeIgniter\Database\BaseBuilder->get()
#5 D:\Documents\My Projects\xampp 8.2\htdocs\Aglet\app\Controllers\admin\Customer.php(20): App\Models\admin\Customer_model->get_customer_list(3)
#6 D:\Documents\My Projects\xampp 8.2\htdocs\Aglet\system\CodeIgniter.php(933): App\Controllers\admin\Customer->index()
#7 D:\Documents\My Projects\xampp 8.2\htdocs\Aglet\system\CodeIgniter.php(507): CodeIgniter\CodeIgniter->runController(Object(App\Controllers\admin\Customer))
#8 D:\Documents\My Projects\xampp 8.2\htdocs\Aglet\system\CodeIgniter.php(354): CodeIgniter\CodeIgniter->handleRequest(NULL, Object(Config\Cache), false)
#9 D:\Documents\My Projects\xampp 8.2\htdocs\Aglet\system\Boot.php(334): CodeIgniter\CodeIgniter->run()
#10 D:\Documents\My Projects\xampp 8.2\htdocs\Aglet\system\Boot.php(67): CodeIgniter\Boot::runCodeIgniter(Object(CodeIgniter\CodeIgniter))
#11 D:\Documents\My Projects\xampp 8.2\htdocs\Aglet\index.php(56): CodeIgniter\Boot::bootWeb(Object(Config\Paths))
#12 {main}

Next CodeIgniter\Database\Exceptions\DatabaseException: MySQL server has gone away in D:\Documents\My Projects\xampp 8.2\htdocs\Aglet\system\Database\MySQLi\Connection.php:246
Stack trace:
#0 D:\Documents\My Projects\xampp 8.2\htdocs\Aglet\system\Database\BaseConnection.php(421): CodeIgniter\Database\MySQLi\Connection->connect(false)
#1 D:\Documents\My Projects\xampp 8.2\htdocs\Aglet\system\Database\BaseConnection.php(620): CodeIgniter\Database\BaseConnection->initialize()
#2 D:\Documents\My Projects\xampp 8.2\htdocs\Aglet\system\Database\BaseBuilder.php(1649): CodeIgniter\Database\BaseConnection->query('SELECT `user_ty...', Array, false)
#3 D:\Documents\My Projects\xampp 8.2\htdocs\Aglet\app\Models\admin\Customer_model.php(14): CodeIgniter\Database\BaseBuilder->get()
#4 D:\Documents\My Projects\xampp 8.2\htdocs\Aglet\app\Controllers\admin\Customer.php(20): App\Models\admin\Customer_model->get_customer_list(3)
#5 D:\Documents\My Projects\xampp 8.2\htdocs\Aglet\system\CodeIgniter.php(933): App\Controllers\admin\Customer->index()
#6 D:\Documents\My Projects\xampp 8.2\htdocs\Aglet\system\CodeIgniter.php(507): CodeIgniter\CodeIgniter->runController(Object(App\Controllers\admin\Customer))
#7 D:\Documents\My Projects\xampp 8.2\htdocs\Aglet\system\CodeIgniter.php(354): CodeIgniter\CodeIgniter->handleRequest(NULL, Object(Config\Cache), false)
#8 D:\Documents\My Projects\xampp 8.2\htdocs\Aglet\system\Boot.php(334): CodeIgniter\CodeIgniter->run()
#9 D:\Documents\My Projects\xampp 8.2\htdocs\Aglet\system\Boot.php(67): CodeIgniter\Boot::runCodeIgniter(Object(CodeIgniter\CodeIgniter))
#10 D:\Documents\My Projects\xampp 8.2\htdocs\Aglet\index.php(56): CodeIgniter\Boot::bootWeb(Object(Config\Paths))
#11 {main}
CRITICAL - 2025-08-24 11:53:06 --> CodeIgniter\Database\Exceptions\DatabaseException: Unable to connect to the database.
Main connection [MySQLi]: MySQL server has gone away
[Method: GET, Route: admin/customers]
in SYSTEMPATH\Database\BaseConnection.php on line 467.
 1 SYSTEMPATH\Database\BaseConnection.php(620): CodeIgniter\Database\BaseConnection->initialize()
 2 SYSTEMPATH\Database\BaseBuilder.php(1649): CodeIgniter\Database\BaseConnection->query('SELECT `user_type`, `fname`, `lname`, `email`, `status`, `add_date`, `update_date`
FROM `agl_users`
WHERE `user_type` = :user_type:
ORDER BY `id` DESC', [...], false)
 3 APPPATH\Models\admin\Customer_model.php(14): CodeIgniter\Database\BaseBuilder->get()
 4 APPPATH\Controllers\admin\Customer.php(20): App\Models\admin\Customer_model->get_customer_list(3)
 5 SYSTEMPATH\CodeIgniter.php(933): App\Controllers\admin\Customer->index()
 6 SYSTEMPATH\CodeIgniter.php(507): CodeIgniter\CodeIgniter->runController(Object(App\Controllers\admin\Customer))
 7 SYSTEMPATH\CodeIgniter.php(354): CodeIgniter\CodeIgniter->handleRequest(null, Object(Config\Cache), false)
 8 SYSTEMPATH\Boot.php(334): CodeIgniter\CodeIgniter->run()
 9 SYSTEMPATH\Boot.php(67): CodeIgniter\Boot::runCodeIgniter(Object(CodeIgniter\CodeIgniter))
10 FCPATH\index.php(56): CodeIgniter\Boot::bootWeb(Object(Config\Paths))
