CRITICAL - 2025-10-02 18:26:00 --> CodeIgniter\View\Exceptions\ViewException: Invalid file: "shared/view_need_help.php"
[Method: GET, Route: /]
in SYSTEMPATH\Exceptions\FrameworkException.php on line 39.
 1 SYSTEMPATH\View\View.php(212): CodeIgniter\Exceptions\FrameworkException::forInvalidFile('shared/view_need_help.php')
 2 SYSTEMPATH\Common.php(1173): CodeIgniter\View\View->render('shared/view_need_help', [], true)
 3 APPPATH\Views\view_dashboard.php(1298): view('shared/view_need_help')
 4 SYSTEMPATH\View\View.php(224): include('D:\\Documents\\My Projects\\xampp 8.2\\htdocs\\teckko\\app\\Views\\view_dashboard.php')
 5 SYSTEMPATH\View\View.php(227): CodeIgniter\View\View->CodeIgniter\View\{closure}()
 6 SYSTEMPATH\Common.php(1173): CodeIgniter\View\View->render('view_dashboard', [], true)
 7 APPPATH\Controllers\Dashboard.php(10): view('view_dashboard', [...])
 8 SYSTEMPATH\CodeIgniter.php(933): App\Controllers\Dashboard->index()
 9 SYSTEMPATH\CodeIgniter.php(507): CodeIgniter\CodeIgniter->runController(Object(App\Controllers\Dashboard))
10 SYSTEMPATH\CodeIgniter.php(354): CodeIgniter\CodeIgniter->handleRequest(null, Object(Config\Cache), false)
11 SYSTEMPATH\Boot.php(334): CodeIgniter\CodeIgniter->run()
12 SYSTEMPATH\Boot.php(67): CodeIgniter\Boot::runCodeIgniter(Object(CodeIgniter\CodeIgniter))
13 FCPATH\index.php(56): CodeIgniter\Boot::bootWeb(Object(Config\Paths))
CRITICAL - 2025-10-02 18:31:18 --> CodeIgniter\View\Exceptions\ViewException: Invalid file: "portfolio/view_portfolio.php"
[Method: GET, Route: portfolio]
in SYSTEMPATH\Exceptions\FrameworkException.php on line 39.
 1 SYSTEMPATH\View\View.php(212): CodeIgniter\Exceptions\FrameworkException::forInvalidFile('portfolio/view_portfolio.php')
 2 SYSTEMPATH\Common.php(1173): CodeIgniter\View\View->render('portfolio/view_portfolio', [], true)
 3 APPPATH\Controllers\Portfolio.php(10): view('portfolio/view_portfolio', [...])
 4 SYSTEMPATH\CodeIgniter.php(933): App\Controllers\Portfolio->index()
 5 SYSTEMPATH\CodeIgniter.php(507): CodeIgniter\CodeIgniter->runController(Object(App\Controllers\Portfolio))
 6 SYSTEMPATH\CodeIgniter.php(354): CodeIgniter\CodeIgniter->handleRequest(null, Object(Config\Cache), false)
 7 SYSTEMPATH\Boot.php(334): CodeIgniter\CodeIgniter->run()
 8 SYSTEMPATH\Boot.php(67): CodeIgniter\Boot::runCodeIgniter(Object(CodeIgniter\CodeIgniter))
 9 FCPATH\index.php(56): CodeIgniter\Boot::bootWeb(Object(Config\Paths))
CRITICAL - 2025-10-02 18:32:04 --> CodeIgniter\View\Exceptions\ViewException: Invalid file: "portfolio/view_portfolio.php"
[Method: GET, Route: portfolio]
in SYSTEMPATH\Exceptions\FrameworkException.php on line 39.
 1 SYSTEMPATH\View\View.php(212): CodeIgniter\Exceptions\FrameworkException::forInvalidFile('portfolio/view_portfolio.php')
 2 SYSTEMPATH\Common.php(1173): CodeIgniter\View\View->render('portfolio/view_portfolio', [], true)
 3 APPPATH\Controllers\Portfolio.php(10): view('portfolio/view_portfolio', [...])
 4 SYSTEMPATH\CodeIgniter.php(933): App\Controllers\Portfolio->index()
 5 SYSTEMPATH\CodeIgniter.php(507): CodeIgniter\CodeIgniter->runController(Object(App\Controllers\Portfolio))
 6 SYSTEMPATH\CodeIgniter.php(354): CodeIgniter\CodeIgniter->handleRequest(null, Object(Config\Cache), false)
 7 SYSTEMPATH\Boot.php(334): CodeIgniter\CodeIgniter->run()
 8 SYSTEMPATH\Boot.php(67): CodeIgniter\Boot::runCodeIgniter(Object(CodeIgniter\CodeIgniter))
 9 FCPATH\index.php(56): CodeIgniter\Boot::bootWeb(Object(Config\Paths))
CRITICAL - 2025-10-02 18:32:05 --> CodeIgniter\View\Exceptions\ViewException: Invalid file: "portfolio/view_portfolio.php"
[Method: GET, Route: portfolio]
in SYSTEMPATH\Exceptions\FrameworkException.php on line 39.
 1 SYSTEMPATH\View\View.php(212): CodeIgniter\Exceptions\FrameworkException::forInvalidFile('portfolio/view_portfolio.php')
 2 SYSTEMPATH\Common.php(1173): CodeIgniter\View\View->render('portfolio/view_portfolio', [], true)
 3 APPPATH\Controllers\Portfolio.php(10): view('portfolio/view_portfolio', [...])
 4 SYSTEMPATH\CodeIgniter.php(933): App\Controllers\Portfolio->index()
 5 SYSTEMPATH\CodeIgniter.php(507): CodeIgniter\CodeIgniter->runController(Object(App\Controllers\Portfolio))
 6 SYSTEMPATH\CodeIgniter.php(354): CodeIgniter\CodeIgniter->handleRequest(null, Object(Config\Cache), false)
 7 SYSTEMPATH\Boot.php(334): CodeIgniter\CodeIgniter->run()
 8 SYSTEMPATH\Boot.php(67): CodeIgniter\Boot::runCodeIgniter(Object(CodeIgniter\CodeIgniter))
 9 FCPATH\index.php(56): CodeIgniter\Boot::bootWeb(Object(Config\Paths))
CRITICAL - 2025-10-02 18:32:06 --> CodeIgniter\View\Exceptions\ViewException: Invalid file: "portfolio/view_portfolio.php"
[Method: GET, Route: portfolio]
in SYSTEMPATH\Exceptions\FrameworkException.php on line 39.
 1 SYSTEMPATH\View\View.php(212): CodeIgniter\Exceptions\FrameworkException::forInvalidFile('portfolio/view_portfolio.php')
 2 SYSTEMPATH\Common.php(1173): CodeIgniter\View\View->render('portfolio/view_portfolio', [], true)
 3 APPPATH\Controllers\Portfolio.php(10): view('portfolio/view_portfolio', [...])
 4 SYSTEMPATH\CodeIgniter.php(933): App\Controllers\Portfolio->index()
 5 SYSTEMPATH\CodeIgniter.php(507): CodeIgniter\CodeIgniter->runController(Object(App\Controllers\Portfolio))
 6 SYSTEMPATH\CodeIgniter.php(354): CodeIgniter\CodeIgniter->handleRequest(null, Object(Config\Cache), false)
 7 SYSTEMPATH\Boot.php(334): CodeIgniter\CodeIgniter->run()
 8 SYSTEMPATH\Boot.php(67): CodeIgniter\Boot::runCodeIgniter(Object(CodeIgniter\CodeIgniter))
 9 FCPATH\index.php(56): CodeIgniter\Boot::bootWeb(Object(Config\Paths))
CRITICAL - 2025-10-02 18:33:03 --> CodeIgniter\View\Exceptions\ViewException: Invalid file: "portfolio/view_portfolio.php"
[Method: GET, Route: portfolio]
in SYSTEMPATH\Exceptions\FrameworkException.php on line 39.
 1 SYSTEMPATH\View\View.php(212): CodeIgniter\Exceptions\FrameworkException::forInvalidFile('portfolio/view_portfolio.php')
 2 SYSTEMPATH\Common.php(1173): CodeIgniter\View\View->render('portfolio/view_portfolio', [], true)
 3 APPPATH\Controllers\Portfolio.php(10): view('portfolio/view_portfolio', [...])
 4 SYSTEMPATH\CodeIgniter.php(933): App\Controllers\Portfolio->index()
 5 SYSTEMPATH\CodeIgniter.php(507): CodeIgniter\CodeIgniter->runController(Object(App\Controllers\Portfolio))
 6 SYSTEMPATH\CodeIgniter.php(354): CodeIgniter\CodeIgniter->handleRequest(null, Object(Config\Cache), false)
 7 SYSTEMPATH\Boot.php(334): CodeIgniter\CodeIgniter->run()
 8 SYSTEMPATH\Boot.php(67): CodeIgniter\Boot::runCodeIgniter(Object(CodeIgniter\CodeIgniter))
 9 FCPATH\index.php(56): CodeIgniter\Boot::bootWeb(Object(Config\Paths))
CRITICAL - 2025-10-02 18:33:05 --> CodeIgniter\View\Exceptions\ViewException: Invalid file: "portfolio/view_portfolio.php"
[Method: GET, Route: portfolio]
in SYSTEMPATH\Exceptions\FrameworkException.php on line 39.
 1 SYSTEMPATH\View\View.php(212): CodeIgniter\Exceptions\FrameworkException::forInvalidFile('portfolio/view_portfolio.php')
 2 SYSTEMPATH\Common.php(1173): CodeIgniter\View\View->render('portfolio/view_portfolio', [], true)
 3 APPPATH\Controllers\Portfolio.php(10): view('portfolio/view_portfolio', [...])
 4 SYSTEMPATH\CodeIgniter.php(933): App\Controllers\Portfolio->index()
 5 SYSTEMPATH\CodeIgniter.php(507): CodeIgniter\CodeIgniter->runController(Object(App\Controllers\Portfolio))
 6 SYSTEMPATH\CodeIgniter.php(354): CodeIgniter\CodeIgniter->handleRequest(null, Object(Config\Cache), false)
 7 SYSTEMPATH\Boot.php(334): CodeIgniter\CodeIgniter->run()
 8 SYSTEMPATH\Boot.php(67): CodeIgniter\Boot::runCodeIgniter(Object(CodeIgniter\CodeIgniter))
 9 FCPATH\index.php(56): CodeIgniter\Boot::bootWeb(Object(Config\Paths))
CRITICAL - 2025-10-02 18:33:05 --> CodeIgniter\View\Exceptions\ViewException: Invalid file: "portfolio/view_portfolio.php"
[Method: GET, Route: portfolio]
in SYSTEMPATH\Exceptions\FrameworkException.php on line 39.
 1 SYSTEMPATH\View\View.php(212): CodeIgniter\Exceptions\FrameworkException::forInvalidFile('portfolio/view_portfolio.php')
 2 SYSTEMPATH\Common.php(1173): CodeIgniter\View\View->render('portfolio/view_portfolio', [], true)
 3 APPPATH\Controllers\Portfolio.php(10): view('portfolio/view_portfolio', [...])
 4 SYSTEMPATH\CodeIgniter.php(933): App\Controllers\Portfolio->index()
 5 SYSTEMPATH\CodeIgniter.php(507): CodeIgniter\CodeIgniter->runController(Object(App\Controllers\Portfolio))
 6 SYSTEMPATH\CodeIgniter.php(354): CodeIgniter\CodeIgniter->handleRequest(null, Object(Config\Cache), false)
 7 SYSTEMPATH\Boot.php(334): CodeIgniter\CodeIgniter->run()
 8 SYSTEMPATH\Boot.php(67): CodeIgniter\Boot::runCodeIgniter(Object(CodeIgniter\CodeIgniter))
 9 FCPATH\index.php(56): CodeIgniter\Boot::bootWeb(Object(Config\Paths))
CRITICAL - 2025-10-02 18:33:05 --> CodeIgniter\View\Exceptions\ViewException: Invalid file: "portfolio/view_portfolio.php"
[Method: GET, Route: portfolio]
in SYSTEMPATH\Exceptions\FrameworkException.php on line 39.
 1 SYSTEMPATH\View\View.php(212): CodeIgniter\Exceptions\FrameworkException::forInvalidFile('portfolio/view_portfolio.php')
 2 SYSTEMPATH\Common.php(1173): CodeIgniter\View\View->render('portfolio/view_portfolio', [], true)
 3 APPPATH\Controllers\Portfolio.php(10): view('portfolio/view_portfolio', [...])
 4 SYSTEMPATH\CodeIgniter.php(933): App\Controllers\Portfolio->index()
 5 SYSTEMPATH\CodeIgniter.php(507): CodeIgniter\CodeIgniter->runController(Object(App\Controllers\Portfolio))
 6 SYSTEMPATH\CodeIgniter.php(354): CodeIgniter\CodeIgniter->handleRequest(null, Object(Config\Cache), false)
 7 SYSTEMPATH\Boot.php(334): CodeIgniter\CodeIgniter->run()
 8 SYSTEMPATH\Boot.php(67): CodeIgniter\Boot::runCodeIgniter(Object(CodeIgniter\CodeIgniter))
 9 FCPATH\index.php(56): CodeIgniter\Boot::bootWeb(Object(Config\Paths))
CRITICAL - 2025-10-02 18:33:05 --> CodeIgniter\View\Exceptions\ViewException: Invalid file: "portfolio/view_portfolio.php"
[Method: GET, Route: portfolio]
in SYSTEMPATH\Exceptions\FrameworkException.php on line 39.
 1 SYSTEMPATH\View\View.php(212): CodeIgniter\Exceptions\FrameworkException::forInvalidFile('portfolio/view_portfolio.php')
 2 SYSTEMPATH\Common.php(1173): CodeIgniter\View\View->render('portfolio/view_portfolio', [], true)
 3 APPPATH\Controllers\Portfolio.php(10): view('portfolio/view_portfolio', [...])
 4 SYSTEMPATH\CodeIgniter.php(933): App\Controllers\Portfolio->index()
 5 SYSTEMPATH\CodeIgniter.php(507): CodeIgniter\CodeIgniter->runController(Object(App\Controllers\Portfolio))
 6 SYSTEMPATH\CodeIgniter.php(354): CodeIgniter\CodeIgniter->handleRequest(null, Object(Config\Cache), false)
 7 SYSTEMPATH\Boot.php(334): CodeIgniter\CodeIgniter->run()
 8 SYSTEMPATH\Boot.php(67): CodeIgniter\Boot::runCodeIgniter(Object(CodeIgniter\CodeIgniter))
 9 FCPATH\index.php(56): CodeIgniter\Boot::bootWeb(Object(Config\Paths))
