CRITICAL - 2025-10-14 00:02:15 --> ErrorException: Undefined variable $db
[Method: POST, Route: babayaga/AST/admin/update-settings]
in APPPATH\Controllers\admin\SiteSettings.php on line 54.
 1 APPPATH\Controllers\admin\SiteSettings.php(54): CodeIgniter\Debug\Exceptions->errorHandler(2, 'Undefined variable $db', 'D:\\Documents\\My Projects\\xampp 8.2\\htdocs\\zero-what\\app\\Controllers\\admin\\SiteSettings.php', 54)
 2 SYSTEMPATH\CodeIgniter.php(933): App\Controllers\admin\SiteSettings->update_settings()
 3 SYSTEMPATH\CodeIgniter.php(507): CodeIgniter\CodeIgniter->runController(Object(App\Controllers\admin\SiteSettings))
 4 SYSTEMPATH\CodeIgniter.php(354): CodeIgniter\CodeIgniter->handleRequest(null, Object(Config\Cache), false)
 5 SYSTEMPATH\Boot.php(334): CodeIgniter\CodeIgniter->run()
 6 SYSTEMPATH\Boot.php(67): CodeIgniter\Boot::runCodeIgniter(Object(CodeIgniter\CodeIgniter))
 7 FCPATH\index.php(56): CodeIgniter\Boot::bootWeb(Object(Config\Paths))
CRITICAL - 2025-10-14 00:02:59 --> ErrorException: Undefined variable $existingSetting
[Method: POST, Route: babayaga/AST/admin/update-settings]
in APPPATH\Controllers\admin\SiteSettings.php on line 55.
 1 APPPATH\Controllers\admin\SiteSettings.php(55): CodeIgniter\Debug\Exceptions->errorHandler(2, 'Undefined variable $existingSetting', 'D:\\Documents\\My Projects\\xampp 8.2\\htdocs\\zero-what\\app\\Controllers\\admin\\SiteSettings.php', 55)
 2 SYSTEMPATH\CodeIgniter.php(933): App\Controllers\admin\SiteSettings->update_settings()
 3 SYSTEMPATH\CodeIgniter.php(507): CodeIgniter\CodeIgniter->runController(Object(App\Controllers\admin\SiteSettings))
 4 SYSTEMPATH\CodeIgniter.php(354): CodeIgniter\CodeIgniter->handleRequest(null, Object(Config\Cache), false)
 5 SYSTEMPATH\Boot.php(334): CodeIgniter\CodeIgniter->run()
 6 SYSTEMPATH\Boot.php(67): CodeIgniter\Boot::runCodeIgniter(Object(CodeIgniter\CodeIgniter))
 7 FCPATH\index.php(56): CodeIgniter\Boot::bootWeb(Object(Config\Paths))
CRITICAL - 2025-10-14 00:03:49 --> CodeIgniter\Database\Exceptions\DatabaseException: You must set the database table to be used with your query.
[Method: POST, Route: babayaga/AST/admin/update-settings]
in SYSTEMPATH\Database\BaseConnection.php on line 941.
 1 SYSTEMPATH\Model.php(714): CodeIgniter\Database\BaseConnection->table(null)
 2 SYSTEMPATH\Model.php(920): CodeIgniter\Model->builder()
 3 APPPATH\Models\admin\Setting_model.php(28): CodeIgniter\Model->__call('table', [...])
 4 APPPATH\Controllers\admin\SiteSettings.php(63): App\Models\admin\Setting_model->update_settings([...])
 5 SYSTEMPATH\CodeIgniter.php(933): App\Controllers\admin\SiteSettings->update_settings()
 6 SYSTEMPATH\CodeIgniter.php(507): CodeIgniter\CodeIgniter->runController(Object(App\Controllers\admin\SiteSettings))
 7 SYSTEMPATH\CodeIgniter.php(354): CodeIgniter\CodeIgniter->handleRequest(null, Object(Config\Cache), false)
 8 SYSTEMPATH\Boot.php(334): CodeIgniter\CodeIgniter->run()
 9 SYSTEMPATH\Boot.php(67): CodeIgniter\Boot::runCodeIgniter(Object(CodeIgniter\CodeIgniter))
10 FCPATH\index.php(56): CodeIgniter\Boot::bootWeb(Object(Config\Paths))
CRITICAL - 2025-10-14 00:04:34 --> CodeIgniter\Database\Exceptions\DatabaseException: You must set the database table to be used with your query.
[Method: POST, Route: babayaga/AST/admin/update-settings]
in SYSTEMPATH\Database\BaseConnection.php on line 941.
 1 SYSTEMPATH\Model.php(714): CodeIgniter\Database\BaseConnection->table(null)
 2 SYSTEMPATH\Model.php(920): CodeIgniter\Model->builder()
 3 APPPATH\Models\admin\Setting_model.php(28): CodeIgniter\Model->__call('table', [...])
 4 APPPATH\Controllers\admin\SiteSettings.php(62): App\Models\admin\Setting_model->update_settings([...])
 5 SYSTEMPATH\CodeIgniter.php(933): App\Controllers\admin\SiteSettings->update_settings()
 6 SYSTEMPATH\CodeIgniter.php(507): CodeIgniter\CodeIgniter->runController(Object(App\Controllers\admin\SiteSettings))
 7 SYSTEMPATH\CodeIgniter.php(354): CodeIgniter\CodeIgniter->handleRequest(null, Object(Config\Cache), false)
 8 SYSTEMPATH\Boot.php(334): CodeIgniter\CodeIgniter->run()
 9 SYSTEMPATH\Boot.php(67): CodeIgniter\Boot::runCodeIgniter(Object(CodeIgniter\CodeIgniter))
10 FCPATH\index.php(56): CodeIgniter\Boot::bootWeb(Object(Config\Paths))
CRITICAL - 2025-10-14 00:06:14 --> CodeIgniter\Database\Exceptions\DatabaseException: You must set the database table to be used with your query.
[Method: POST, Route: babayaga/AST/admin/update-settings]
in SYSTEMPATH\Database\BaseConnection.php on line 941.
 1 SYSTEMPATH\Model.php(714): CodeIgniter\Database\BaseConnection->table(null)
 2 SYSTEMPATH\Model.php(920): CodeIgniter\Model->builder()
 3 APPPATH\Models\admin\Setting_model.php(28): CodeIgniter\Model->__call('table', [...])
 4 APPPATH\Controllers\admin\SiteSettings.php(63): App\Models\admin\Setting_model->update_settings([...])
 5 SYSTEMPATH\CodeIgniter.php(933): App\Controllers\admin\SiteSettings->update_settings()
 6 SYSTEMPATH\CodeIgniter.php(507): CodeIgniter\CodeIgniter->runController(Object(App\Controllers\admin\SiteSettings))
 7 SYSTEMPATH\CodeIgniter.php(354): CodeIgniter\CodeIgniter->handleRequest(null, Object(Config\Cache), false)
 8 SYSTEMPATH\Boot.php(334): CodeIgniter\CodeIgniter->run()
 9 SYSTEMPATH\Boot.php(67): CodeIgniter\Boot::runCodeIgniter(Object(CodeIgniter\CodeIgniter))
10 FCPATH\index.php(56): CodeIgniter\Boot::bootWeb(Object(Config\Paths))
CRITICAL - 2025-10-14 00:06:18 --> CodeIgniter\Database\Exceptions\DatabaseException: You must set the database table to be used with your query.
[Method: POST, Route: babayaga/AST/admin/update-settings]
in SYSTEMPATH\Database\BaseConnection.php on line 941.
 1 SYSTEMPATH\Model.php(714): CodeIgniter\Database\BaseConnection->table(null)
 2 SYSTEMPATH\Model.php(920): CodeIgniter\Model->builder()
 3 APPPATH\Models\admin\Setting_model.php(28): CodeIgniter\Model->__call('table', [...])
 4 APPPATH\Controllers\admin\SiteSettings.php(63): App\Models\admin\Setting_model->update_settings([...])
 5 SYSTEMPATH\CodeIgniter.php(933): App\Controllers\admin\SiteSettings->update_settings()
 6 SYSTEMPATH\CodeIgniter.php(507): CodeIgniter\CodeIgniter->runController(Object(App\Controllers\admin\SiteSettings))
 7 SYSTEMPATH\CodeIgniter.php(354): CodeIgniter\CodeIgniter->handleRequest(null, Object(Config\Cache), false)
 8 SYSTEMPATH\Boot.php(334): CodeIgniter\CodeIgniter->run()
 9 SYSTEMPATH\Boot.php(67): CodeIgniter\Boot::runCodeIgniter(Object(CodeIgniter\CodeIgniter))
10 FCPATH\index.php(56): CodeIgniter\Boot::bootWeb(Object(Config\Paths))
CRITICAL - 2025-10-14 00:06:48 --> CodeIgniter\Database\Exceptions\DatabaseException: You must set the database table to be used with your query.
[Method: POST, Route: babayaga/AST/admin/update-settings]
in SYSTEMPATH\Database\BaseConnection.php on line 941.
 1 SYSTEMPATH\Model.php(714): CodeIgniter\Database\BaseConnection->table(null)
 2 SYSTEMPATH\Model.php(920): CodeIgniter\Model->builder()
 3 APPPATH\Models\admin\Setting_model.php(28): CodeIgniter\Model->__call('table', [...])
 4 APPPATH\Controllers\admin\SiteSettings.php(63): App\Models\admin\Setting_model->update_settings([...])
 5 SYSTEMPATH\CodeIgniter.php(933): App\Controllers\admin\SiteSettings->update_settings()
 6 SYSTEMPATH\CodeIgniter.php(507): CodeIgniter\CodeIgniter->runController(Object(App\Controllers\admin\SiteSettings))
 7 SYSTEMPATH\CodeIgniter.php(354): CodeIgniter\CodeIgniter->handleRequest(null, Object(Config\Cache), false)
 8 SYSTEMPATH\Boot.php(334): CodeIgniter\CodeIgniter->run()
 9 SYSTEMPATH\Boot.php(67): CodeIgniter\Boot::runCodeIgniter(Object(CodeIgniter\CodeIgniter))
10 FCPATH\index.php(56): CodeIgniter\Boot::bootWeb(Object(Config\Paths))
CRITICAL - 2025-10-14 00:29:47 --> ErrorException: Undefined variable $update
[Method: POST, Route: babayaga/AST/admin/update-pricing]
in APPPATH\Controllers\admin\Pricing.php on line 75.
 1 APPPATH\Controllers\admin\Pricing.php(75): CodeIgniter\Debug\Exceptions->errorHandler(2, 'Undefined variable $update', 'D:\\Documents\\My Projects\\xampp 8.2\\htdocs\\zero-what\\app\\Controllers\\admin\\Pricing.php', 75)
 2 SYSTEMPATH\CodeIgniter.php(933): App\Controllers\admin\Pricing->update_pricing()
 3 SYSTEMPATH\CodeIgniter.php(507): CodeIgniter\CodeIgniter->runController(Object(App\Controllers\admin\Pricing))
 4 SYSTEMPATH\CodeIgniter.php(354): CodeIgniter\CodeIgniter->handleRequest(null, Object(Config\Cache), false)
 5 SYSTEMPATH\Boot.php(334): CodeIgniter\CodeIgniter->run()
 6 SYSTEMPATH\Boot.php(67): CodeIgniter\Boot::runCodeIgniter(Object(CodeIgniter\CodeIgniter))
 7 FCPATH\index.php(56): CodeIgniter\Boot::bootWeb(Object(Config\Paths))
ERROR - 2025-10-14 19:49:48 --> Error connecting to the database: mysqli_sql_exception: No connection could be made because the target machine actively refused it in D:\Documents\My Projects\xampp 8.2\htdocs\zero-what\system\Database\MySQLi\Connection.php:201
Stack trace:
#0 D:\Documents\My Projects\xampp 8.2\htdocs\zero-what\system\Database\MySQLi\Connection.php(201): mysqli->real_connect('localhost', 'root', Object(SensitiveParameterValue), 'zero_what', 3306, '', 0)
#1 D:\Documents\My Projects\xampp 8.2\htdocs\zero-what\system\Database\BaseConnection.php(421): CodeIgniter\Database\MySQLi\Connection->connect(false)
#2 D:\Documents\My Projects\xampp 8.2\htdocs\zero-what\system\Database\BaseConnection.php(620): CodeIgniter\Database\BaseConnection->initialize()
#3 D:\Documents\My Projects\xampp 8.2\htdocs\zero-what\system\Database\BaseBuilder.php(1649): CodeIgniter\Database\BaseConnection->query('SELECT `users`....', Array, false)
#4 D:\Documents\My Projects\xampp 8.2\htdocs\zero-what\app\Models\admin\Login_model.php(17): CodeIgniter\Database\BaseBuilder->get()
#5 D:\Documents\My Projects\xampp 8.2\htdocs\zero-what\app\Controllers\admin\Login.php(34): App\Models\admin\Login_model->get_user_detail('admin@gmail.com')
#6 D:\Documents\My Projects\xampp 8.2\htdocs\zero-what\system\CodeIgniter.php(933): App\Controllers\admin\Login->auth()
#7 D:\Documents\My Projects\xampp 8.2\htdocs\zero-what\system\CodeIgniter.php(507): CodeIgniter\CodeIgniter->runController(Object(App\Controllers\admin\Login))
#8 D:\Documents\My Projects\xampp 8.2\htdocs\zero-what\system\CodeIgniter.php(354): CodeIgniter\CodeIgniter->handleRequest(NULL, Object(Config\Cache), false)
#9 D:\Documents\My Projects\xampp 8.2\htdocs\zero-what\system\Boot.php(334): CodeIgniter\CodeIgniter->run()
#10 D:\Documents\My Projects\xampp 8.2\htdocs\zero-what\system\Boot.php(67): CodeIgniter\Boot::runCodeIgniter(Object(CodeIgniter\CodeIgniter))
#11 D:\Documents\My Projects\xampp 8.2\htdocs\zero-what\index.php(56): CodeIgniter\Boot::bootWeb(Object(Config\Paths))
#12 {main}

Next CodeIgniter\Database\Exceptions\DatabaseException: No connection could be made because the target machine actively refused it in D:\Documents\My Projects\xampp 8.2\htdocs\zero-what\system\Database\MySQLi\Connection.php:246
Stack trace:
#0 D:\Documents\My Projects\xampp 8.2\htdocs\zero-what\system\Database\BaseConnection.php(421): CodeIgniter\Database\MySQLi\Connection->connect(false)
#1 D:\Documents\My Projects\xampp 8.2\htdocs\zero-what\system\Database\BaseConnection.php(620): CodeIgniter\Database\BaseConnection->initialize()
#2 D:\Documents\My Projects\xampp 8.2\htdocs\zero-what\system\Database\BaseBuilder.php(1649): CodeIgniter\Database\BaseConnection->query('SELECT `users`....', Array, false)
#3 D:\Documents\My Projects\xampp 8.2\htdocs\zero-what\app\Models\admin\Login_model.php(17): CodeIgniter\Database\BaseBuilder->get()
#4 D:\Documents\My Projects\xampp 8.2\htdocs\zero-what\app\Controllers\admin\Login.php(34): App\Models\admin\Login_model->get_user_detail('admin@gmail.com')
#5 D:\Documents\My Projects\xampp 8.2\htdocs\zero-what\system\CodeIgniter.php(933): App\Controllers\admin\Login->auth()
#6 D:\Documents\My Projects\xampp 8.2\htdocs\zero-what\system\CodeIgniter.php(507): CodeIgniter\CodeIgniter->runController(Object(App\Controllers\admin\Login))
#7 D:\Documents\My Projects\xampp 8.2\htdocs\zero-what\system\CodeIgniter.php(354): CodeIgniter\CodeIgniter->handleRequest(NULL, Object(Config\Cache), false)
#8 D:\Documents\My Projects\xampp 8.2\htdocs\zero-what\system\Boot.php(334): CodeIgniter\CodeIgniter->run()
#9 D:\Documents\My Projects\xampp 8.2\htdocs\zero-what\system\Boot.php(67): CodeIgniter\Boot::runCodeIgniter(Object(CodeIgniter\CodeIgniter))
#10 D:\Documents\My Projects\xampp 8.2\htdocs\zero-what\index.php(56): CodeIgniter\Boot::bootWeb(Object(Config\Paths))
#11 {main}
CRITICAL - 2025-10-14 19:49:48 --> CodeIgniter\Database\Exceptions\DatabaseException: Unable to connect to the database.
Main connection [MySQLi]: No connection could be made because the target machine actively refused it
[Method: POST, Route: babayaga/AST/admin/auth]
in SYSTEMPATH\Database\BaseConnection.php on line 467.
 1 SYSTEMPATH\Database\BaseConnection.php(620): CodeIgniter\Database\BaseConnection->initialize()
 2 SYSTEMPATH\Database\BaseBuilder.php(1649): CodeIgniter\Database\BaseConnection->query('SELECT `users`.`id`, `users`.`name`, `users`.`email`, `users`.`user_type`, `users`.`password`, `users`.`token`, `users`.`add_date`, `user_type`.`update_date`
FROM `admin_users` as `users`
LEFT JOIN `user_type` ON `user_type`.`id` = `users`.`user_type`
WHERE `users`.`status` = :users.status:
AND `user_type`.`status` = :user_type.status:
OR `users`.`email` = :users.email:', [...], false)
 3 APPPATH\Models\admin\Login_model.php(17): CodeIgniter\Database\BaseBuilder->get()
 4 APPPATH\Controllers\admin\Login.php(34): App\Models\admin\Login_model->get_user_detail('admin@gmail.com')
 5 SYSTEMPATH\CodeIgniter.php(933): App\Controllers\admin\Login->auth()
 6 SYSTEMPATH\CodeIgniter.php(507): CodeIgniter\CodeIgniter->runController(Object(App\Controllers\admin\Login))
 7 SYSTEMPATH\CodeIgniter.php(354): CodeIgniter\CodeIgniter->handleRequest(null, Object(Config\Cache), false)
 8 SYSTEMPATH\Boot.php(334): CodeIgniter\CodeIgniter->run()
 9 SYSTEMPATH\Boot.php(67): CodeIgniter\Boot::runCodeIgniter(Object(CodeIgniter\CodeIgniter))
10 FCPATH\index.php(56): CodeIgniter\Boot::bootWeb(Object(Config\Paths))
CRITICAL - 2025-10-14 20:11:32 --> ErrorException: Undefined array key "company_phone"
[Method: GET, Route: /]
in APPPATH\Views\view_dashboard.php on line 415.
 1 APPPATH\Views\view_dashboard.php(415): CodeIgniter\Debug\Exceptions->errorHandler(2, 'Undefined array key "company_phone"', 'D:\\Documents\\My Projects\\xampp 8.2\\htdocs\\zero-what\\app\\Views\\view_dashboard.php', 415)
 2 SYSTEMPATH\View\View.php(224): include('D:\\Documents\\My Projects\\xampp 8.2\\htdocs\\zero-what\\app\\Views\\view_dashboard.php')
 3 SYSTEMPATH\View\View.php(227): CodeIgniter\View\View->CodeIgniter\View\{closure}()
 4 SYSTEMPATH\Common.php(1173): CodeIgniter\View\View->render('view_dashboard', [], true)
 5 APPPATH\Controllers\Dashboard.php(24): view('view_dashboard', [...])
 6 SYSTEMPATH\CodeIgniter.php(933): App\Controllers\Dashboard->index()
 7 SYSTEMPATH\CodeIgniter.php(507): CodeIgniter\CodeIgniter->runController(Object(App\Controllers\Dashboard))
 8 SYSTEMPATH\CodeIgniter.php(354): CodeIgniter\CodeIgniter->handleRequest(null, Object(Config\Cache), false)
 9 SYSTEMPATH\Boot.php(334): CodeIgniter\CodeIgniter->run()
10 SYSTEMPATH\Boot.php(67): CodeIgniter\Boot::runCodeIgniter(Object(CodeIgniter\CodeIgniter))
11 FCPATH\index.php(56): CodeIgniter\Boot::bootWeb(Object(Config\Paths))
CRITICAL - 2025-10-14 20:12:03 --> ErrorException: Undefined array key "company_phone"
[Method: GET, Route: /]
in APPPATH\Views\view_dashboard.php on line 415.
 1 APPPATH\Views\view_dashboard.php(415): CodeIgniter\Debug\Exceptions->errorHandler(2, 'Undefined array key "company_phone"', 'D:\\Documents\\My Projects\\xampp 8.2\\htdocs\\zero-what\\app\\Views\\view_dashboard.php', 415)
 2 SYSTEMPATH\View\View.php(224): include('D:\\Documents\\My Projects\\xampp 8.2\\htdocs\\zero-what\\app\\Views\\view_dashboard.php')
 3 SYSTEMPATH\View\View.php(227): CodeIgniter\View\View->CodeIgniter\View\{closure}()
 4 SYSTEMPATH\Common.php(1173): CodeIgniter\View\View->render('view_dashboard', [], true)
 5 APPPATH\Controllers\Dashboard.php(24): view('view_dashboard', [...])
 6 SYSTEMPATH\CodeIgniter.php(933): App\Controllers\Dashboard->index()
 7 SYSTEMPATH\CodeIgniter.php(507): CodeIgniter\CodeIgniter->runController(Object(App\Controllers\Dashboard))
 8 SYSTEMPATH\CodeIgniter.php(354): CodeIgniter\CodeIgniter->handleRequest(null, Object(Config\Cache), false)
 9 SYSTEMPATH\Boot.php(334): CodeIgniter\CodeIgniter->run()
10 SYSTEMPATH\Boot.php(67): CodeIgniter\Boot::runCodeIgniter(Object(CodeIgniter\CodeIgniter))
11 FCPATH\index.php(56): CodeIgniter\Boot::bootWeb(Object(Config\Paths))
CRITICAL - 2025-10-14 20:12:04 --> ErrorException: Undefined array key "company_phone"
[Method: GET, Route: /]
in APPPATH\Views\view_dashboard.php on line 415.
 1 APPPATH\Views\view_dashboard.php(415): CodeIgniter\Debug\Exceptions->errorHandler(2, 'Undefined array key "company_phone"', 'D:\\Documents\\My Projects\\xampp 8.2\\htdocs\\zero-what\\app\\Views\\view_dashboard.php', 415)
 2 SYSTEMPATH\View\View.php(224): include('D:\\Documents\\My Projects\\xampp 8.2\\htdocs\\zero-what\\app\\Views\\view_dashboard.php')
 3 SYSTEMPATH\View\View.php(227): CodeIgniter\View\View->CodeIgniter\View\{closure}()
 4 SYSTEMPATH\Common.php(1173): CodeIgniter\View\View->render('view_dashboard', [], true)
 5 APPPATH\Controllers\Dashboard.php(24): view('view_dashboard', [...])
 6 SYSTEMPATH\CodeIgniter.php(933): App\Controllers\Dashboard->index()
 7 SYSTEMPATH\CodeIgniter.php(507): CodeIgniter\CodeIgniter->runController(Object(App\Controllers\Dashboard))
 8 SYSTEMPATH\CodeIgniter.php(354): CodeIgniter\CodeIgniter->handleRequest(null, Object(Config\Cache), false)
 9 SYSTEMPATH\Boot.php(334): CodeIgniter\CodeIgniter->run()
10 SYSTEMPATH\Boot.php(67): CodeIgniter\Boot::runCodeIgniter(Object(CodeIgniter\CodeIgniter))
11 FCPATH\index.php(56): CodeIgniter\Boot::bootWeb(Object(Config\Paths))
CRITICAL - 2025-10-14 20:12:04 --> ErrorException: Undefined array key "company_phone"
[Method: GET, Route: /]
in APPPATH\Views\view_dashboard.php on line 415.
 1 APPPATH\Views\view_dashboard.php(415): CodeIgniter\Debug\Exceptions->errorHandler(2, 'Undefined array key "company_phone"', 'D:\\Documents\\My Projects\\xampp 8.2\\htdocs\\zero-what\\app\\Views\\view_dashboard.php', 415)
 2 SYSTEMPATH\View\View.php(224): include('D:\\Documents\\My Projects\\xampp 8.2\\htdocs\\zero-what\\app\\Views\\view_dashboard.php')
 3 SYSTEMPATH\View\View.php(227): CodeIgniter\View\View->CodeIgniter\View\{closure}()
 4 SYSTEMPATH\Common.php(1173): CodeIgniter\View\View->render('view_dashboard', [], true)
 5 APPPATH\Controllers\Dashboard.php(24): view('view_dashboard', [...])
 6 SYSTEMPATH\CodeIgniter.php(933): App\Controllers\Dashboard->index()
 7 SYSTEMPATH\CodeIgniter.php(507): CodeIgniter\CodeIgniter->runController(Object(App\Controllers\Dashboard))
 8 SYSTEMPATH\CodeIgniter.php(354): CodeIgniter\CodeIgniter->handleRequest(null, Object(Config\Cache), false)
 9 SYSTEMPATH\Boot.php(334): CodeIgniter\CodeIgniter->run()
10 SYSTEMPATH\Boot.php(67): CodeIgniter\Boot::runCodeIgniter(Object(CodeIgniter\CodeIgniter))
11 FCPATH\index.php(56): CodeIgniter\Boot::bootWeb(Object(Config\Paths))
CRITICAL - 2025-10-14 20:12:04 --> ErrorException: Undefined array key "company_phone"
[Method: GET, Route: /]
in APPPATH\Views\view_dashboard.php on line 415.
 1 APPPATH\Views\view_dashboard.php(415): CodeIgniter\Debug\Exceptions->errorHandler(2, 'Undefined array key "company_phone"', 'D:\\Documents\\My Projects\\xampp 8.2\\htdocs\\zero-what\\app\\Views\\view_dashboard.php', 415)
 2 SYSTEMPATH\View\View.php(224): include('D:\\Documents\\My Projects\\xampp 8.2\\htdocs\\zero-what\\app\\Views\\view_dashboard.php')
 3 SYSTEMPATH\View\View.php(227): CodeIgniter\View\View->CodeIgniter\View\{closure}()
 4 SYSTEMPATH\Common.php(1173): CodeIgniter\View\View->render('view_dashboard', [], true)
 5 APPPATH\Controllers\Dashboard.php(24): view('view_dashboard', [...])
 6 SYSTEMPATH\CodeIgniter.php(933): App\Controllers\Dashboard->index()
 7 SYSTEMPATH\CodeIgniter.php(507): CodeIgniter\CodeIgniter->runController(Object(App\Controllers\Dashboard))
 8 SYSTEMPATH\CodeIgniter.php(354): CodeIgniter\CodeIgniter->handleRequest(null, Object(Config\Cache), false)
 9 SYSTEMPATH\Boot.php(334): CodeIgniter\CodeIgniter->run()
10 SYSTEMPATH\Boot.php(67): CodeIgniter\Boot::runCodeIgniter(Object(CodeIgniter\CodeIgniter))
11 FCPATH\index.php(56): CodeIgniter\Boot::bootWeb(Object(Config\Paths))
CRITICAL - 2025-10-14 20:12:04 --> ErrorException: Undefined array key "company_phone"
[Method: GET, Route: /]
in APPPATH\Views\view_dashboard.php on line 415.
 1 APPPATH\Views\view_dashboard.php(415): CodeIgniter\Debug\Exceptions->errorHandler(2, 'Undefined array key "company_phone"', 'D:\\Documents\\My Projects\\xampp 8.2\\htdocs\\zero-what\\app\\Views\\view_dashboard.php', 415)
 2 SYSTEMPATH\View\View.php(224): include('D:\\Documents\\My Projects\\xampp 8.2\\htdocs\\zero-what\\app\\Views\\view_dashboard.php')
 3 SYSTEMPATH\View\View.php(227): CodeIgniter\View\View->CodeIgniter\View\{closure}()
 4 SYSTEMPATH\Common.php(1173): CodeIgniter\View\View->render('view_dashboard', [], true)
 5 APPPATH\Controllers\Dashboard.php(24): view('view_dashboard', [...])
 6 SYSTEMPATH\CodeIgniter.php(933): App\Controllers\Dashboard->index()
 7 SYSTEMPATH\CodeIgniter.php(507): CodeIgniter\CodeIgniter->runController(Object(App\Controllers\Dashboard))
 8 SYSTEMPATH\CodeIgniter.php(354): CodeIgniter\CodeIgniter->handleRequest(null, Object(Config\Cache), false)
 9 SYSTEMPATH\Boot.php(334): CodeIgniter\CodeIgniter->run()
10 SYSTEMPATH\Boot.php(67): CodeIgniter\Boot::runCodeIgniter(Object(CodeIgniter\CodeIgniter))
11 FCPATH\index.php(56): CodeIgniter\Boot::bootWeb(Object(Config\Paths))
CRITICAL - 2025-10-14 20:12:04 --> ErrorException: Undefined array key "company_phone"
[Method: GET, Route: /]
in APPPATH\Views\view_dashboard.php on line 415.
 1 APPPATH\Views\view_dashboard.php(415): CodeIgniter\Debug\Exceptions->errorHandler(2, 'Undefined array key "company_phone"', 'D:\\Documents\\My Projects\\xampp 8.2\\htdocs\\zero-what\\app\\Views\\view_dashboard.php', 415)
 2 SYSTEMPATH\View\View.php(224): include('D:\\Documents\\My Projects\\xampp 8.2\\htdocs\\zero-what\\app\\Views\\view_dashboard.php')
 3 SYSTEMPATH\View\View.php(227): CodeIgniter\View\View->CodeIgniter\View\{closure}()
 4 SYSTEMPATH\Common.php(1173): CodeIgniter\View\View->render('view_dashboard', [], true)
 5 APPPATH\Controllers\Dashboard.php(24): view('view_dashboard', [...])
 6 SYSTEMPATH\CodeIgniter.php(933): App\Controllers\Dashboard->index()
 7 SYSTEMPATH\CodeIgniter.php(507): CodeIgniter\CodeIgniter->runController(Object(App\Controllers\Dashboard))
 8 SYSTEMPATH\CodeIgniter.php(354): CodeIgniter\CodeIgniter->handleRequest(null, Object(Config\Cache), false)
 9 SYSTEMPATH\Boot.php(334): CodeIgniter\CodeIgniter->run()
10 SYSTEMPATH\Boot.php(67): CodeIgniter\Boot::runCodeIgniter(Object(CodeIgniter\CodeIgniter))
11 FCPATH\index.php(56): CodeIgniter\Boot::bootWeb(Object(Config\Paths))
CRITICAL - 2025-10-14 20:13:01 --> ErrorException: Undefined array key "company_phone"
[Method: GET, Route: /]
in APPPATH\Views\view_dashboard.php on line 415.
 1 APPPATH\Views\view_dashboard.php(415): CodeIgniter\Debug\Exceptions->errorHandler(2, 'Undefined array key "company_phone"', 'D:\\Documents\\My Projects\\xampp 8.2\\htdocs\\zero-what\\app\\Views\\view_dashboard.php', 415)
 2 SYSTEMPATH\View\View.php(224): include('D:\\Documents\\My Projects\\xampp 8.2\\htdocs\\zero-what\\app\\Views\\view_dashboard.php')
 3 SYSTEMPATH\View\View.php(227): CodeIgniter\View\View->CodeIgniter\View\{closure}()
 4 SYSTEMPATH\Common.php(1173): CodeIgniter\View\View->render('view_dashboard', [], true)
 5 APPPATH\Controllers\Dashboard.php(24): view('view_dashboard', [...])
 6 SYSTEMPATH\CodeIgniter.php(933): App\Controllers\Dashboard->index()
 7 SYSTEMPATH\CodeIgniter.php(507): CodeIgniter\CodeIgniter->runController(Object(App\Controllers\Dashboard))
 8 SYSTEMPATH\CodeIgniter.php(354): CodeIgniter\CodeIgniter->handleRequest(null, Object(Config\Cache), false)
 9 SYSTEMPATH\Boot.php(334): CodeIgniter\CodeIgniter->run()
10 SYSTEMPATH\Boot.php(67): CodeIgniter\Boot::runCodeIgniter(Object(CodeIgniter\CodeIgniter))
11 FCPATH\index.php(56): CodeIgniter\Boot::bootWeb(Object(Config\Paths))
CRITICAL - 2025-10-14 20:13:18 --> ErrorException: Array to string conversion
[Method: GET, Route: /]
in APPPATH\Views\view_dashboard.php on line 415.
 1 APPPATH\Views\view_dashboard.php(415): CodeIgniter\Debug\Exceptions->errorHandler(2, 'Array to string conversion', 'D:\\Documents\\My Projects\\xampp 8.2\\htdocs\\zero-what\\app\\Views\\view_dashboard.php', 415)
 2 SYSTEMPATH\View\View.php(224): include('D:\\Documents\\My Projects\\xampp 8.2\\htdocs\\zero-what\\app\\Views\\view_dashboard.php')
 3 SYSTEMPATH\View\View.php(227): CodeIgniter\View\View->CodeIgniter\View\{closure}()
 4 SYSTEMPATH\Common.php(1173): CodeIgniter\View\View->render('view_dashboard', [], true)
 5 APPPATH\Controllers\Dashboard.php(24): view('view_dashboard', [...])
 6 SYSTEMPATH\CodeIgniter.php(933): App\Controllers\Dashboard->index()
 7 SYSTEMPATH\CodeIgniter.php(507): CodeIgniter\CodeIgniter->runController(Object(App\Controllers\Dashboard))
 8 SYSTEMPATH\CodeIgniter.php(354): CodeIgniter\CodeIgniter->handleRequest(null, Object(Config\Cache), false)
 9 SYSTEMPATH\Boot.php(334): CodeIgniter\CodeIgniter->run()
10 SYSTEMPATH\Boot.php(67): CodeIgniter\Boot::runCodeIgniter(Object(CodeIgniter\CodeIgniter))
11 FCPATH\index.php(56): CodeIgniter\Boot::bootWeb(Object(Config\Paths))
CRITICAL - 2025-10-14 20:13:24 --> ErrorException: Undefined array key "company_phone"
[Method: GET, Route: /]
in APPPATH\Views\view_dashboard.php on line 415.
 1 APPPATH\Views\view_dashboard.php(415): CodeIgniter\Debug\Exceptions->errorHandler(2, 'Undefined array key "company_phone"', 'D:\\Documents\\My Projects\\xampp 8.2\\htdocs\\zero-what\\app\\Views\\view_dashboard.php', 415)
 2 SYSTEMPATH\View\View.php(224): include('D:\\Documents\\My Projects\\xampp 8.2\\htdocs\\zero-what\\app\\Views\\view_dashboard.php')
 3 SYSTEMPATH\View\View.php(227): CodeIgniter\View\View->CodeIgniter\View\{closure}()
 4 SYSTEMPATH\Common.php(1173): CodeIgniter\View\View->render('view_dashboard', [], true)
 5 APPPATH\Controllers\Dashboard.php(24): view('view_dashboard', [...])
 6 SYSTEMPATH\CodeIgniter.php(933): App\Controllers\Dashboard->index()
 7 SYSTEMPATH\CodeIgniter.php(507): CodeIgniter\CodeIgniter->runController(Object(App\Controllers\Dashboard))
 8 SYSTEMPATH\CodeIgniter.php(354): CodeIgniter\CodeIgniter->handleRequest(null, Object(Config\Cache), false)
 9 SYSTEMPATH\Boot.php(334): CodeIgniter\CodeIgniter->run()
10 SYSTEMPATH\Boot.php(67): CodeIgniter\Boot::runCodeIgniter(Object(CodeIgniter\CodeIgniter))
11 FCPATH\index.php(56): CodeIgniter\Boot::bootWeb(Object(Config\Paths))
CRITICAL - 2025-10-14 20:13:57 --> ErrorException: Attempt to read property "company_phone" on array
[Method: GET, Route: /]
in APPPATH\Views\view_dashboard.php on line 2.
 1 APPPATH\Views\view_dashboard.php(2): CodeIgniter\Debug\Exceptions->errorHandler(2, 'Attempt to read property "company_phone" on array', 'D:\\Documents\\My Projects\\xampp 8.2\\htdocs\\zero-what\\app\\Views\\view_dashboard.php', 2)
 2 SYSTEMPATH\View\View.php(224): include('D:\\Documents\\My Projects\\xampp 8.2\\htdocs\\zero-what\\app\\Views\\view_dashboard.php')
 3 SYSTEMPATH\View\View.php(227): CodeIgniter\View\View->CodeIgniter\View\{closure}()
 4 SYSTEMPATH\Common.php(1173): CodeIgniter\View\View->render('view_dashboard', [], true)
 5 APPPATH\Controllers\Dashboard.php(24): view('view_dashboard', [...])
 6 SYSTEMPATH\CodeIgniter.php(933): App\Controllers\Dashboard->index()
 7 SYSTEMPATH\CodeIgniter.php(507): CodeIgniter\CodeIgniter->runController(Object(App\Controllers\Dashboard))
 8 SYSTEMPATH\CodeIgniter.php(354): CodeIgniter\CodeIgniter->handleRequest(null, Object(Config\Cache), false)
 9 SYSTEMPATH\Boot.php(334): CodeIgniter\CodeIgniter->run()
10 SYSTEMPATH\Boot.php(67): CodeIgniter\Boot::runCodeIgniter(Object(CodeIgniter\CodeIgniter))
11 FCPATH\index.php(56): CodeIgniter\Boot::bootWeb(Object(Config\Paths))
CRITICAL - 2025-10-14 20:14:08 --> ErrorException: Undefined array key "company_phone"
[Method: GET, Route: /]
in APPPATH\Views\view_dashboard.php on line 2.
 1 APPPATH\Views\view_dashboard.php(2): CodeIgniter\Debug\Exceptions->errorHandler(2, 'Undefined array key "company_phone"', 'D:\\Documents\\My Projects\\xampp 8.2\\htdocs\\zero-what\\app\\Views\\view_dashboard.php', 2)
 2 SYSTEMPATH\View\View.php(224): include('D:\\Documents\\My Projects\\xampp 8.2\\htdocs\\zero-what\\app\\Views\\view_dashboard.php')
 3 SYSTEMPATH\View\View.php(227): CodeIgniter\View\View->CodeIgniter\View\{closure}()
 4 SYSTEMPATH\Common.php(1173): CodeIgniter\View\View->render('view_dashboard', [], true)
 5 APPPATH\Controllers\Dashboard.php(24): view('view_dashboard', [...])
 6 SYSTEMPATH\CodeIgniter.php(933): App\Controllers\Dashboard->index()
 7 SYSTEMPATH\CodeIgniter.php(507): CodeIgniter\CodeIgniter->runController(Object(App\Controllers\Dashboard))
 8 SYSTEMPATH\CodeIgniter.php(354): CodeIgniter\CodeIgniter->handleRequest(null, Object(Config\Cache), false)
 9 SYSTEMPATH\Boot.php(334): CodeIgniter\CodeIgniter->run()
10 SYSTEMPATH\Boot.php(67): CodeIgniter\Boot::runCodeIgniter(Object(CodeIgniter\CodeIgniter))
11 FCPATH\index.php(56): CodeIgniter\Boot::bootWeb(Object(Config\Paths))
CRITICAL - 2025-10-14 20:37:59 --> ErrorException: Undefined property: stdClass::$except
[Method: GET, Route: /]
in APPPATH\Views\view_dashboard.php on line 367.
 1 APPPATH\Views\view_dashboard.php(367): CodeIgniter\Debug\Exceptions->errorHandler(2, 'Undefined property: stdClass::$except', 'D:\\Documents\\My Projects\\xampp 8.2\\htdocs\\zero-what\\app\\Views\\view_dashboard.php', 367)
 2 SYSTEMPATH\View\View.php(224): include('D:\\Documents\\My Projects\\xampp 8.2\\htdocs\\zero-what\\app\\Views\\view_dashboard.php')
 3 SYSTEMPATH\View\View.php(227): CodeIgniter\View\View->CodeIgniter\View\{closure}()
 4 SYSTEMPATH\Common.php(1173): CodeIgniter\View\View->render('view_dashboard', [], true)
 5 APPPATH\Controllers\Dashboard.php(24): view('view_dashboard', [...])
 6 SYSTEMPATH\CodeIgniter.php(933): App\Controllers\Dashboard->index()
 7 SYSTEMPATH\CodeIgniter.php(507): CodeIgniter\CodeIgniter->runController(Object(App\Controllers\Dashboard))
 8 SYSTEMPATH\CodeIgniter.php(354): CodeIgniter\CodeIgniter->handleRequest(null, Object(Config\Cache), false)
 9 SYSTEMPATH\Boot.php(334): CodeIgniter\CodeIgniter->run()
10 SYSTEMPATH\Boot.php(67): CodeIgniter\Boot::runCodeIgniter(Object(CodeIgniter\CodeIgniter))
11 FCPATH\index.php(56): CodeIgniter\Boot::bootWeb(Object(Config\Paths))
CRITICAL - 2025-10-14 20:47:10 --> ParseError: syntax error, unexpected token ")", expecting identifier or variable or "{" or "$"
[Method: GET, Route: /]
in APPPATH\Views\view_dashboard.php on line 358.
 1 SYSTEMPATH\View\View.php(227): CodeIgniter\View\View->CodeIgniter\View\{closure}()
 2 SYSTEMPATH\Common.php(1173): CodeIgniter\View\View->render('view_dashboard', [], true)
 3 APPPATH\Controllers\Dashboard.php(24): view('view_dashboard', [...])
 4 SYSTEMPATH\CodeIgniter.php(933): App\Controllers\Dashboard->index()
 5 SYSTEMPATH\CodeIgniter.php(507): CodeIgniter\CodeIgniter->runController(Object(App\Controllers\Dashboard))
 6 SYSTEMPATH\CodeIgniter.php(354): CodeIgniter\CodeIgniter->handleRequest(null, Object(Config\Cache), false)
 7 SYSTEMPATH\Boot.php(334): CodeIgniter\CodeIgniter->run()
 8 SYSTEMPATH\Boot.php(67): CodeIgniter\Boot::runCodeIgniter(Object(CodeIgniter\CodeIgniter))
 9 FCPATH\index.php(56): CodeIgniter\Boot::bootWeb(Object(Config\Paths))
CRITICAL - 2025-10-14 21:17:29 --> ErrorException: Undefined variable $pageTitle
[Method: GET, Route: blog-detail]
in APPPATH\Views\shared\view_links.php on line 3.
 1 APPPATH\Views\shared\view_links.php(3): CodeIgniter\Debug\Exceptions->errorHandler(2, 'Undefined variable $pageTitle', 'D:\\Documents\\My Projects\\xampp 8.2\\htdocs\\zero-what\\app\\Views\\shared\\view_links.php', 3)
 2 SYSTEMPATH\View\View.php(224): include('D:\\Documents\\My Projects\\xampp 8.2\\htdocs\\zero-what\\app\\Views\\shared\\view_links.php')
 3 SYSTEMPATH\View\View.php(227): CodeIgniter\View\View->CodeIgniter\View\{closure}()
 4 SYSTEMPATH\Common.php(1173): CodeIgniter\View\View->render('shared/view_links', [], true)
 5 APPPATH\Views\view_blog_detail.php(5): view('shared/view_links')
 6 SYSTEMPATH\View\View.php(224): include('D:\\Documents\\My Projects\\xampp 8.2\\htdocs\\zero-what\\app\\Views\\view_blog_detail.php')
 7 SYSTEMPATH\View\View.php(227): CodeIgniter\View\View->CodeIgniter\View\{closure}()
 8 SYSTEMPATH\Common.php(1173): CodeIgniter\View\View->render('view_blog_detail', [], true)
 9 APPPATH\Controllers\Blog.php(140): view('view_blog_detail', [...])
10 SYSTEMPATH\CodeIgniter.php(933): App\Controllers\Blog->blog_detail()
11 SYSTEMPATH\CodeIgniter.php(507): CodeIgniter\CodeIgniter->runController(Object(App\Controllers\Blog))
12 SYSTEMPATH\CodeIgniter.php(354): CodeIgniter\CodeIgniter->handleRequest(null, Object(Config\Cache), false)
13 SYSTEMPATH\Boot.php(334): CodeIgniter\CodeIgniter->run()
14 SYSTEMPATH\Boot.php(67): CodeIgniter\Boot::runCodeIgniter(Object(CodeIgniter\CodeIgniter))
15 FCPATH\index.php(56): CodeIgniter\Boot::bootWeb(Object(Config\Paths))
CRITICAL - 2025-10-14 21:26:21 --> Error: Cannot use object of type stdClass as array
[Method: GET, Route: blog-detail/91d87bbd-3774-4324-bce1-25e4ed514430]
in APPPATH\Views\view_blog_detail.php on line 33.
 1 SYSTEMPATH\View\View.php(224): include()
 2 SYSTEMPATH\View\View.php(227): CodeIgniter\View\View->CodeIgniter\View\{closure}()
 3 SYSTEMPATH\Common.php(1173): CodeIgniter\View\View->render('view_blog_detail', [], true)
 4 APPPATH\Controllers\Blog.php(146): view('view_blog_detail', [...])
 5 SYSTEMPATH\CodeIgniter.php(933): App\Controllers\Blog->blog_detail('91d87bbd-3774-4324-bce1-25e4ed514430')
 6 SYSTEMPATH\CodeIgniter.php(507): CodeIgniter\CodeIgniter->runController(Object(App\Controllers\Blog))
 7 SYSTEMPATH\CodeIgniter.php(354): CodeIgniter\CodeIgniter->handleRequest(null, Object(Config\Cache), false)
 8 SYSTEMPATH\Boot.php(334): CodeIgniter\CodeIgniter->run()
 9 SYSTEMPATH\Boot.php(67): CodeIgniter\Boot::runCodeIgniter(Object(CodeIgniter\CodeIgniter))
10 FCPATH\index.php(56): CodeIgniter\Boot::bootWeb(Object(Config\Paths))
CRITICAL - 2025-10-14 21:28:16 --> ErrorException: Undefined property: stdClass::$date
[Method: GET, Route: blog-detail/91d87bbd-3774-4324-bce1-25e4ed514430]
in APPPATH\Views\view_blog_detail.php on line 36.
 1 APPPATH\Views\view_blog_detail.php(36): CodeIgniter\Debug\Exceptions->errorHandler(2, 'Undefined property: stdClass::$date', 'D:\\Documents\\My Projects\\xampp 8.2\\htdocs\\zero-what\\app\\Views\\view_blog_detail.php', 36)
 2 SYSTEMPATH\View\View.php(224): include('D:\\Documents\\My Projects\\xampp 8.2\\htdocs\\zero-what\\app\\Views\\view_blog_detail.php')
 3 SYSTEMPATH\View\View.php(227): CodeIgniter\View\View->CodeIgniter\View\{closure}()
 4 SYSTEMPATH\Common.php(1173): CodeIgniter\View\View->render('view_blog_detail', [], true)
 5 APPPATH\Controllers\Blog.php(146): view('view_blog_detail', [...])
 6 SYSTEMPATH\CodeIgniter.php(933): App\Controllers\Blog->blog_detail('91d87bbd-3774-4324-bce1-25e4ed514430')
 7 SYSTEMPATH\CodeIgniter.php(507): CodeIgniter\CodeIgniter->runController(Object(App\Controllers\Blog))
 8 SYSTEMPATH\CodeIgniter.php(354): CodeIgniter\CodeIgniter->handleRequest(null, Object(Config\Cache), false)
 9 SYSTEMPATH\Boot.php(334): CodeIgniter\CodeIgniter->run()
10 SYSTEMPATH\Boot.php(67): CodeIgniter\Boot::runCodeIgniter(Object(CodeIgniter\CodeIgniter))
11 FCPATH\index.php(56): CodeIgniter\Boot::bootWeb(Object(Config\Paths))
CRITICAL - 2025-10-14 21:28:28 --> ErrorException: Undefined property: stdClass::$author
[Method: GET, Route: blog-detail/91d87bbd-3774-4324-bce1-25e4ed514430]
in APPPATH\Views\view_blog_detail.php on line 38.
 1 APPPATH\Views\view_blog_detail.php(38): CodeIgniter\Debug\Exceptions->errorHandler(2, 'Undefined property: stdClass::$author', 'D:\\Documents\\My Projects\\xampp 8.2\\htdocs\\zero-what\\app\\Views\\view_blog_detail.php', 38)
 2 SYSTEMPATH\View\View.php(224): include('D:\\Documents\\My Projects\\xampp 8.2\\htdocs\\zero-what\\app\\Views\\view_blog_detail.php')
 3 SYSTEMPATH\View\View.php(227): CodeIgniter\View\View->CodeIgniter\View\{closure}()
 4 SYSTEMPATH\Common.php(1173): CodeIgniter\View\View->render('view_blog_detail', [], true)
 5 APPPATH\Controllers\Blog.php(146): view('view_blog_detail', [...])
 6 SYSTEMPATH\CodeIgniter.php(933): App\Controllers\Blog->blog_detail('91d87bbd-3774-4324-bce1-25e4ed514430')
 7 SYSTEMPATH\CodeIgniter.php(507): CodeIgniter\CodeIgniter->runController(Object(App\Controllers\Blog))
 8 SYSTEMPATH\CodeIgniter.php(354): CodeIgniter\CodeIgniter->handleRequest(null, Object(Config\Cache), false)
 9 SYSTEMPATH\Boot.php(334): CodeIgniter\CodeIgniter->run()
10 SYSTEMPATH\Boot.php(67): CodeIgniter\Boot::runCodeIgniter(Object(CodeIgniter\CodeIgniter))
11 FCPATH\index.php(56): CodeIgniter\Boot::bootWeb(Object(Config\Paths))
CRITICAL - 2025-10-14 21:28:51 --> ErrorException: Undefined property: stdClass::$image
[Method: GET, Route: blog-detail/91d87bbd-3774-4324-bce1-25e4ed514430]
in APPPATH\Views\view_blog_detail.php on line 45.
 1 APPPATH\Views\view_blog_detail.php(45): CodeIgniter\Debug\Exceptions->errorHandler(2, 'Undefined property: stdClass::$image', 'D:\\Documents\\My Projects\\xampp 8.2\\htdocs\\zero-what\\app\\Views\\view_blog_detail.php', 45)
 2 SYSTEMPATH\View\View.php(224): include('D:\\Documents\\My Projects\\xampp 8.2\\htdocs\\zero-what\\app\\Views\\view_blog_detail.php')
 3 SYSTEMPATH\View\View.php(227): CodeIgniter\View\View->CodeIgniter\View\{closure}()
 4 SYSTEMPATH\Common.php(1173): CodeIgniter\View\View->render('view_blog_detail', [], true)
 5 APPPATH\Controllers\Blog.php(146): view('view_blog_detail', [...])
 6 SYSTEMPATH\CodeIgniter.php(933): App\Controllers\Blog->blog_detail('91d87bbd-3774-4324-bce1-25e4ed514430')
 7 SYSTEMPATH\CodeIgniter.php(507): CodeIgniter\CodeIgniter->runController(Object(App\Controllers\Blog))
 8 SYSTEMPATH\CodeIgniter.php(354): CodeIgniter\CodeIgniter->handleRequest(null, Object(Config\Cache), false)
 9 SYSTEMPATH\Boot.php(334): CodeIgniter\CodeIgniter->run()
10 SYSTEMPATH\Boot.php(67): CodeIgniter\Boot::runCodeIgniter(Object(CodeIgniter\CodeIgniter))
11 FCPATH\index.php(56): CodeIgniter\Boot::bootWeb(Object(Config\Paths))
CRITICAL - 2025-10-14 21:29:35 --> ErrorException: Undefined property: stdClass::$author
[Method: GET, Route: blog-detail/91d87bbd-3774-4324-bce1-25e4ed514430]
in APPPATH\Views\view_blog_detail.php on line 129.
 1 APPPATH\Views\view_blog_detail.php(129): CodeIgniter\Debug\Exceptions->errorHandler(2, 'Undefined property: stdClass::$author', 'D:\\Documents\\My Projects\\xampp 8.2\\htdocs\\zero-what\\app\\Views\\view_blog_detail.php', 129)
 2 SYSTEMPATH\View\View.php(224): include('D:\\Documents\\My Projects\\xampp 8.2\\htdocs\\zero-what\\app\\Views\\view_blog_detail.php')
 3 SYSTEMPATH\View\View.php(227): CodeIgniter\View\View->CodeIgniter\View\{closure}()
 4 SYSTEMPATH\Common.php(1173): CodeIgniter\View\View->render('view_blog_detail', [], true)
 5 APPPATH\Controllers\Blog.php(146): view('view_blog_detail', [...])
 6 SYSTEMPATH\CodeIgniter.php(933): App\Controllers\Blog->blog_detail('91d87bbd-3774-4324-bce1-25e4ed514430')
 7 SYSTEMPATH\CodeIgniter.php(507): CodeIgniter\CodeIgniter->runController(Object(App\Controllers\Blog))
 8 SYSTEMPATH\CodeIgniter.php(354): CodeIgniter\CodeIgniter->handleRequest(null, Object(Config\Cache), false)
 9 SYSTEMPATH\Boot.php(334): CodeIgniter\CodeIgniter->run()
10 SYSTEMPATH\Boot.php(67): CodeIgniter\Boot::runCodeIgniter(Object(CodeIgniter\CodeIgniter))
11 FCPATH\index.php(56): CodeIgniter\Boot::bootWeb(Object(Config\Paths))
